[0.023s] Invoking command in '/home/jetson/orbbec_ros2_ws/build/orbbec_camera': AMENT_PREFIX_PATH=/home/jetson/orbbec_ros2_ws/install/orbbec_camera_msgs:${AMENT_PREFIX_PATH} CMAKE_PREFIX_PATH=/home/jetson/orbbec_ros2_ws/install/orbbec_camera_msgs:/home/jetson/yahboom_ws/install/interfaces:/home/jetson/yahboom_ws/install/text_chat:/home/jetson/yahboom_ws/install/largemodel:/home/jetson/yahboom_ws/install/camera:/opt/ros/humble LD_LIBRARY_PATH=/home/jetson/orbbec_ros2_ws/install/orbbec_camera_msgs/lib:/home/jetson/yahboom_ws/install/interfaces/lib:/opt/ros/humble/opt/rviz_ogre_vendor/lib:/opt/ros/humble/lib/aarch64-linux-gnu:/opt/ros/humble/lib:/usr/local/lib:/usr/local/cuda-12.6/lib64 PYTHONPATH=/home/jetson/orbbec_ros2_ws/install/orbbec_camera_msgs/local/lib/python3.10/dist-packages:${PYTHONPATH} /usr/bin/cmake /home/jetson/orbbec_ros2_ws/src/OrbbecSDK_ROS2/orbbec_camera -DAMENT_CMAKE_SYMLINK_INSTALL=1 -DCMAKE_INSTALL_PREFIX=/home/jetson/orbbec_ros2_ws/install/orbbec_camera
[0.139s] -- The C compiler identification is GNU 11.4.0
[0.252s] -- The CXX compiler identification is GNU 11.4.0
[0.272s] -- Detecting C compiler ABI info
[0.414s] -- Detecting C compiler ABI info - done
[0.439s] -- Check for working C compiler: /usr/bin/cc - skipped
[0.440s] -- Detecting C compile features
[0.441s] -- Detecting C compile features - done
[0.452s] -- Detecting CXX compiler ABI info
[0.615s] -- Detecting CXX compiler ABI info - done
[0.641s] -- Check for working CXX compiler: /usr/bin/c++ - skipped
[0.641s] -- Detecting CXX compile features
[0.643s] -- Detecting CXX compile features - done
[0.652s] -- Found ament_cmake: 1.3.11 (/opt/ros/humble/share/ament_cmake/cmake)
[0.994s] -- Found Python3: /usr/bin/python3 (found version "3.10.12") found components: Interpreter 
[1.125s] -- Override CMake install command with custom implementation using symlinks instead of copying resources
[1.238s] -- Found ament_index_cpp: 1.4.0 (/opt/ros/humble/share/ament_index_cpp/cmake)
[1.263s] -- Found builtin_interfaces: 1.2.1 (/opt/ros/humble/share/builtin_interfaces/cmake)
[1.334s] -- Found rosidl_generator_c: 3.1.6 (/opt/ros/humble/share/rosidl_generator_c/cmake)
[1.342s] -- Found rosidl_adapter: 3.1.6 (/opt/ros/humble/share/rosidl_adapter/cmake)
[1.356s] -- Found rosidl_generator_cpp: 3.1.6 (/opt/ros/humble/share/rosidl_generator_cpp/cmake)
[1.376s] -- Using all available rosidl_typesupport_c: rosidl_typesupport_fastrtps_c;rosidl_typesupport_introspection_c
[1.402s] -- Using all available rosidl_typesupport_cpp: rosidl_typesupport_fastrtps_cpp;rosidl_typesupport_introspection_cpp
[1.456s] -- Found cv_bridge: 3.2.1 (/opt/ros/humble/share/cv_bridge/cmake)
[1.586s] -- Looking for pthread.h
[1.732s] -- Looking for pthread.h - found
[1.732s] -- Performing Test CMAKE_HAVE_LIBC_PTHREAD
[1.886s] -- Performing Test CMAKE_HAVE_LIBC_PTHREAD - Success
[1.889s] -- Found Threads: TRUE  
[1.925s] -- Found CUDA: /usr/local/cuda-12.6 (found suitable exact version "12.6") 
[2.063s] -- Found camera_info_manager: 3.1.10 (/opt/ros/humble/share/camera_info_manager/cmake)
[2.184s] -- Found rmw_implementation_cmake: 6.1.2 (/opt/ros/humble/share/rmw_implementation_cmake/cmake)
[2.191s] -- Found rmw_fastrtps_cpp: 6.2.7 (/opt/ros/humble/share/rmw_fastrtps_cpp/cmake)
[2.383s] -- Found OpenSSL: /usr/lib/aarch64-linux-gnu/libcrypto.so (found version "3.0.2")  
[2.452s] -- Found FastRTPS: /opt/ros/humble/include  
[2.536s] -- Using RMW implementation 'rmw_fastrtps_cpp' as default
[2.673s] -- Found image_transport: 3.1.10 (/opt/ros/humble/share/image_transport/cmake)
[2.748s] -- Found image_publisher: 3.0.6 (/opt/ros/humble/share/image_publisher/cmake)
[2.807s] -- Found OpenCV: /usr/local (found version "4.10.0") 
[2.808s] -- Found orbbec_camera_msgs: 1.5.22 (/home/jetson/orbbec_ros2_ws/install/orbbec_camera_msgs/share/orbbec_camera_msgs/cmake)
[2.838s] -- Found std_srvs: 4.2.4 (/opt/ros/humble/share/std_srvs/cmake)
[2.868s] -- Found tf2: 0.25.9 (/opt/ros/humble/share/tf2/cmake)
[2.877s] -- Found tf2_eigen: 0.25.9 (/opt/ros/humble/share/tf2_eigen/cmake)
[3.019s] -- Found tf2_sensor_msgs: 0.25.22 (/opt/ros/humble/share/tf2_sensor_msgs/cmake)
[3.035s] -- Found diagnostic_updater: 4.0.7 (/opt/ros/humble/share/diagnostic_updater/cmake)
[3.081s] -- Found PkgConfig: /usr/bin/pkg-config (found version "0.29.2") 
[3.090s] -- ORRBEC Machine : aarch64
[3.090s] 
[3.091s] -- ORRBEC Machine Bits : 64
[3.091s] 
[3.306s] -- Found ament_lint_auto: 0.12.15 (/opt/ros/humble/share/ament_lint_auto/cmake)
[3.507s] -- Configuring done
[3.842s] -- Generating done
[3.891s] -- Build files have been written to: /home/jetson/orbbec_ros2_ws/build/orbbec_camera
[3.924s] Invoked command in '/home/jetson/orbbec_ros2_ws/build/orbbec_camera' returned '0': AMENT_PREFIX_PATH=/home/jetson/orbbec_ros2_ws/install/orbbec_camera_msgs:${AMENT_PREFIX_PATH} CMAKE_PREFIX_PATH=/home/jetson/orbbec_ros2_ws/install/orbbec_camera_msgs:/home/jetson/yahboom_ws/install/interfaces:/home/jetson/yahboom_ws/install/text_chat:/home/jetson/yahboom_ws/install/largemodel:/home/jetson/yahboom_ws/install/camera:/opt/ros/humble LD_LIBRARY_PATH=/home/jetson/orbbec_ros2_ws/install/orbbec_camera_msgs/lib:/home/jetson/yahboom_ws/install/interfaces/lib:/opt/ros/humble/opt/rviz_ogre_vendor/lib:/opt/ros/humble/lib/aarch64-linux-gnu:/opt/ros/humble/lib:/usr/local/lib:/usr/local/cuda-12.6/lib64 PYTHONPATH=/home/jetson/orbbec_ros2_ws/install/orbbec_camera_msgs/local/lib/python3.10/dist-packages:${PYTHONPATH} /usr/bin/cmake /home/jetson/orbbec_ros2_ws/src/OrbbecSDK_ROS2/orbbec_camera -DAMENT_CMAKE_SYMLINK_INSTALL=1 -DCMAKE_INSTALL_PREFIX=/home/jetson/orbbec_ros2_ws/install/orbbec_camera
[3.928s] Invoking command in '/home/jetson/orbbec_ros2_ws/build/orbbec_camera': AMENT_PREFIX_PATH=/home/jetson/orbbec_ros2_ws/install/orbbec_camera_msgs:${AMENT_PREFIX_PATH} CMAKE_PREFIX_PATH=/home/jetson/orbbec_ros2_ws/install/orbbec_camera_msgs:/home/jetson/yahboom_ws/install/interfaces:/home/jetson/yahboom_ws/install/text_chat:/home/jetson/yahboom_ws/install/largemodel:/home/jetson/yahboom_ws/install/camera:/opt/ros/humble LD_LIBRARY_PATH=/home/jetson/orbbec_ros2_ws/install/orbbec_camera_msgs/lib:/home/jetson/yahboom_ws/install/interfaces/lib:/opt/ros/humble/opt/rviz_ogre_vendor/lib:/opt/ros/humble/lib/aarch64-linux-gnu:/opt/ros/humble/lib:/usr/local/lib:/usr/local/cuda-12.6/lib64 PYTHONPATH=/home/jetson/orbbec_ros2_ws/install/orbbec_camera_msgs/local/lib/python3.10/dist-packages:${PYTHONPATH} /usr/bin/cmake --build /home/jetson/orbbec_ros2_ws/build/orbbec_camera -- -j6 -l6
[4.030s] [ 15%] [32mBuilding CXX object CMakeFiles/orbbec_camera.dir/src/dynamic_params.cpp.o[0m
[4.030s] [ 15%] [32mBuilding CXX object CMakeFiles/orbbec_camera.dir/src/d2c_viewer.cpp.o[0m
[4.031s] [ 15%] [32mBuilding CXX object CMakeFiles/orbbec_camera_node.dir/rclcpp_components/node_main_orbbec_camera_node.cpp.o[0m
[4.031s] [ 15%] [32mBuilding CXX object CMakeFiles/frame_latency_node.dir/rclcpp_components/node_main_frame_latency_node.cpp.o[0m
[4.033s] [ 19%] [32mBuilding CXX object CMakeFiles/orbbec_camera.dir/src/image_publisher.cpp.o[0m
[4.033s] [ 23%] [32mBuilding CXX object CMakeFiles/frame_latency.dir/tools/frame_latency.cpp.o[0m
[14.264s] [ 30%] [32m[1mLinking CXX executable orbbec_camera_node[0m
[14.269s] [ 30%] [32m[1mLinking CXX executable frame_latency_node[0m
[14.743s] [ 30%] Built target orbbec_camera_node
[14.744s] [ 30%] Built target frame_latency_node
[14.765s] [ 38%] [32mBuilding CXX object CMakeFiles/orbbec_camera.dir/src/frame_timestamp_csv_logger.cpp.o[0m
[14.765s] [ 38%] [32mBuilding CXX object CMakeFiles/orbbec_camera.dir/src/ob_camera_node_driver.cpp.o[0m
[15.268s] [ 42%] [32mBuilding CXX object CMakeFiles/orbbec_camera.dir/src/ob_camera_node.cpp.o[0m
[17.327s] [ 46%] [32mBuilding CXX object CMakeFiles/orbbec_camera.dir/src/ros_param_backend.cpp.o[0m
[26.006s] [ 50%] [32mBuilding CXX object CMakeFiles/orbbec_camera.dir/src/ros_service.cpp.o[0m
[26.807s] [ 53%] [32mBuilding CXX object CMakeFiles/orbbec_camera.dir/src/synced_imu_publisher.cpp.o[0m
[48.757s] [ 57%] [32mBuilding CXX object CMakeFiles/orbbec_camera.dir/src/utils.cpp.o[0m
[49.998s] [ 61%] [32mBuilding CXX object CMakeFiles/orbbec_camera.dir/src/jpeg_decoder.cpp.o[0m
[142.366s] [ 65%] [32m[1mLinking CXX shared library libframe_latency.so[0m
[142.455s] [ 69%] [32m[1mLinking CXX shared library liborbbec_camera.so[0m
[143.432s] [ 69%] Built target frame_latency
[143.495s] [ 69%] Built target orbbec_camera
[143.542s] [ 80%] [32mBuilding CXX object CMakeFiles/list_devices_node.dir/tools/list_devices_node.cpp.o[0m
[143.542s] [ 80%] [32mBuilding CXX object CMakeFiles/topic_statistics_node.dir/tools/topic_statistics.cpp.o[0m
[143.543s] [ 80%] [32mBuilding CXX object CMakeFiles/list_depth_work_mode_node.dir/tools/list_depth_work_mode.cpp.o[0m
[143.543s] [ 84%] [32mBuilding CXX object CMakeFiles/list_camera_profile_mode_node.dir/tools/list_camera_profile.cpp.o[0m
[167.420s] [ 96%] [32m[1mLinking CXX executable list_depth_work_mode_node[0m
[167.463s] [ 96%] [32m[1mLinking CXX executable list_devices_node[0m
[167.463s] [ 96%] [32m[1mLinking CXX executable list_camera_profile_mode_node[0m
[169.018s] [ 96%] Built target list_depth_work_mode_node
[169.874s] [ 96%] Built target list_camera_profile_mode_node
[169.874s] [ 96%] Built target list_devices_node
[180.653s] [100%] [32m[1mLinking CXX executable topic_statistics_node[0m
[181.195s] [100%] Built target topic_statistics_node
[181.284s] Invoked command in '/home/jetson/orbbec_ros2_ws/build/orbbec_camera' returned '0': AMENT_PREFIX_PATH=/home/jetson/orbbec_ros2_ws/install/orbbec_camera_msgs:${AMENT_PREFIX_PATH} CMAKE_PREFIX_PATH=/home/jetson/orbbec_ros2_ws/install/orbbec_camera_msgs:/home/jetson/yahboom_ws/install/interfaces:/home/jetson/yahboom_ws/install/text_chat:/home/jetson/yahboom_ws/install/largemodel:/home/jetson/yahboom_ws/install/camera:/opt/ros/humble LD_LIBRARY_PATH=/home/jetson/orbbec_ros2_ws/install/orbbec_camera_msgs/lib:/home/jetson/yahboom_ws/install/interfaces/lib:/opt/ros/humble/opt/rviz_ogre_vendor/lib:/opt/ros/humble/lib/aarch64-linux-gnu:/opt/ros/humble/lib:/usr/local/lib:/usr/local/cuda-12.6/lib64 PYTHONPATH=/home/jetson/orbbec_ros2_ws/install/orbbec_camera_msgs/local/lib/python3.10/dist-packages:${PYTHONPATH} /usr/bin/cmake --build /home/jetson/orbbec_ros2_ws/build/orbbec_camera -- -j6 -l6
[181.327s] Invoking command in '/home/jetson/orbbec_ros2_ws/build/orbbec_camera': AMENT_PREFIX_PATH=/home/jetson/orbbec_ros2_ws/install/orbbec_camera_msgs:${AMENT_PREFIX_PATH} CMAKE_PREFIX_PATH=/home/jetson/orbbec_ros2_ws/install/orbbec_camera_msgs:/home/jetson/yahboom_ws/install/interfaces:/home/jetson/yahboom_ws/install/text_chat:/home/jetson/yahboom_ws/install/largemodel:/home/jetson/yahboom_ws/install/camera:/opt/ros/humble LD_LIBRARY_PATH=/home/jetson/orbbec_ros2_ws/install/orbbec_camera_msgs/lib:/home/jetson/yahboom_ws/install/interfaces/lib:/opt/ros/humble/opt/rviz_ogre_vendor/lib:/opt/ros/humble/lib/aarch64-linux-gnu:/opt/ros/humble/lib:/usr/local/lib:/usr/local/cuda-12.6/lib64 PYTHONPATH=/home/jetson/orbbec_ros2_ws/install/orbbec_camera_msgs/local/lib/python3.10/dist-packages:${PYTHONPATH} /usr/bin/cmake --install /home/jetson/orbbec_ros2_ws/build/orbbec_camera
[181.355s] -- Install configuration: "Release"
[181.358s] -- Execute custom install script
[181.360s] -- Symlinking: /home/jetson/orbbec_ros2_ws/install/orbbec_camera/lib/orbbec_camera/orbbec_camera_node
[181.379s] -- Symlinking: /home/jetson/orbbec_ros2_ws/install/orbbec_camera/lib/orbbec_camera/frame_latency_node
[181.398s] -- Symlinking: /home/jetson/orbbec_ros2_ws/install/orbbec_camera/lib/liborbbec_camera.so
[181.416s] -- Symlinking: /home/jetson/orbbec_ros2_ws/install/orbbec_camera/lib/libframe_latency.so
[181.437s] -- Symlinking: /home/jetson/orbbec_ros2_ws/install/orbbec_camera/include/magic_enum/magic_enum.hpp
[181.454s] -- Symlinking: /home/jetson/orbbec_ros2_ws/install/orbbec_camera/include/orbbec_camera/constants.h
[181.471s] -- Symlinking: /home/jetson/orbbec_ros2_ws/install/orbbec_camera/include/orbbec_camera/d2c_viewer.h
[181.489s] -- Symlinking: /home/jetson/orbbec_ros2_ws/install/orbbec_camera/include/orbbec_camera/dynamic_params.h
[181.506s] -- Symlinking: /home/jetson/orbbec_ros2_ws/install/orbbec_camera/include/orbbec_camera/frame_timestamp_csv_logger.h
[181.523s] -- Symlinking: /home/jetson/orbbec_ros2_ws/install/orbbec_camera/include/orbbec_camera/image_publisher.h
[181.541s] -- Symlinking: /home/jetson/orbbec_ros2_ws/install/orbbec_camera/include/orbbec_camera/jetson_nv_decoder.h
[181.558s] -- Symlinking: /home/jetson/orbbec_ros2_ws/install/orbbec_camera/include/orbbec_camera/jpeg_decoder.h
[181.576s] -- Symlinking: /home/jetson/orbbec_ros2_ws/install/orbbec_camera/include/orbbec_camera/ob_camera_node.h
[181.594s] -- Symlinking: /home/jetson/orbbec_ros2_ws/install/orbbec_camera/include/orbbec_camera/ob_camera_node_driver.h
[181.611s] -- Symlinking: /home/jetson/orbbec_ros2_ws/install/orbbec_camera/include/orbbec_camera/rk_mpp_decoder.h
[181.630s] -- Symlinking: /home/jetson/orbbec_ros2_ws/install/orbbec_camera/include/orbbec_camera/ros_param_backend.h
[181.649s] -- Symlinking: /home/jetson/orbbec_ros2_ws/install/orbbec_camera/include/orbbec_camera/synced_imu_publisher.h
[181.669s] -- Symlinking: /home/jetson/orbbec_ros2_ws/install/orbbec_camera/include/orbbec_camera/utils.h
[181.690s] -- Symlinking: /home/jetson/orbbec_ros2_ws/install/orbbec_camera/share/orbbec_camera//launch/astra.launch.py
[181.708s] -- Symlinking: /home/jetson/orbbec_ros2_ws/install/orbbec_camera/share/orbbec_camera//launch/astra2.launch.py
[181.726s] -- Symlinking: /home/jetson/orbbec_ros2_ws/install/orbbec_camera/share/orbbec_camera//launch/astra_adv.launch.py
[181.743s] -- Symlinking: /home/jetson/orbbec_ros2_ws/install/orbbec_camera/share/orbbec_camera//launch/astra_embedded_s.launch.py
[181.761s] -- Symlinking: /home/jetson/orbbec_ros2_ws/install/orbbec_camera/share/orbbec_camera//launch/astra_pro2.launch.py
[181.777s] -- Symlinking: /home/jetson/orbbec_ros2_ws/install/orbbec_camera/share/orbbec_camera//launch/astra_pro_plus.launch.py
[181.795s] -- Symlinking: /home/jetson/orbbec_ros2_ws/install/orbbec_camera/share/orbbec_camera//launch/astra_stereo_u3.launch.py
[181.813s] -- Symlinking: /home/jetson/orbbec_ros2_ws/install/orbbec_camera/share/orbbec_camera//launch/dabai.launch.py
[181.830s] -- Symlinking: /home/jetson/orbbec_ros2_ws/install/orbbec_camera/share/orbbec_camera//launch/dabai_d1.launch.py
[181.847s] -- Symlinking: /home/jetson/orbbec_ros2_ws/install/orbbec_camera/share/orbbec_camera//launch/dabai_dcl.py
[181.866s] -- Symlinking: /home/jetson/orbbec_ros2_ws/install/orbbec_camera/share/orbbec_camera//launch/dabai_dcw.launch.py
[181.883s] -- Symlinking: /home/jetson/orbbec_ros2_ws/install/orbbec_camera/share/orbbec_camera//launch/dabai_dcw2.launch.py
[181.902s] -- Symlinking: /home/jetson/orbbec_ros2_ws/install/orbbec_camera/share/orbbec_camera//launch/dabai_dw.launch.py
[181.919s] -- Symlinking: /home/jetson/orbbec_ros2_ws/install/orbbec_camera/share/orbbec_camera//launch/dabai_dw2.launch.py
[181.936s] -- Symlinking: /home/jetson/orbbec_ros2_ws/install/orbbec_camera/share/orbbec_camera//launch/dabai_max.launch.py
[181.953s] -- Symlinking: /home/jetson/orbbec_ros2_ws/install/orbbec_camera/share/orbbec_camera//launch/dabai_max_pro.launch.py
[181.970s] -- Symlinking: /home/jetson/orbbec_ros2_ws/install/orbbec_camera/share/orbbec_camera//launch/dabai_pro.launch.py
[181.987s] -- Symlinking: /home/jetson/orbbec_ros2_ws/install/orbbec_camera/share/orbbec_camera//launch/deeya.launch.py
[182.005s] -- Symlinking: /home/jetson/orbbec_ros2_ws/install/orbbec_camera/share/orbbec_camera//launch/femto.launch.py
[182.023s] -- Symlinking: /home/jetson/orbbec_ros2_ws/install/orbbec_camera/share/orbbec_camera//launch/femto_bolt.launch.py
[182.040s] -- Symlinking: /home/jetson/orbbec_ros2_ws/install/orbbec_camera/share/orbbec_camera//launch/femto_mega.launch.py
[182.057s] -- Symlinking: /home/jetson/orbbec_ros2_ws/install/orbbec_camera/share/orbbec_camera//launch/femto_net_camera.launch.py
[182.075s] -- Symlinking: /home/jetson/orbbec_ros2_ws/install/orbbec_camera/share/orbbec_camera//launch/gemini2.launch.py
[182.091s] -- Symlinking: /home/jetson/orbbec_ros2_ws/install/orbbec_camera/share/orbbec_camera//launch/gemini2L.launch.py
[182.108s] -- Symlinking: /home/jetson/orbbec_ros2_ws/install/orbbec_camera/share/orbbec_camera//launch/gemini2VL.launch.py
[182.125s] -- Symlinking: /home/jetson/orbbec_ros2_ws/install/orbbec_camera/share/orbbec_camera//launch/gemini2XL.launch.py
[182.142s] -- Symlinking: /home/jetson/orbbec_ros2_ws/install/orbbec_camera/share/orbbec_camera//launch/gemini_330_series.launch.py
[182.162s] -- Symlinking: /home/jetson/orbbec_ros2_ws/install/orbbec_camera/share/orbbec_camera//launch/gemini_e.launch.py
[182.179s] -- Symlinking: /home/jetson/orbbec_ros2_ws/install/orbbec_camera/share/orbbec_camera//launch/gemini_e_lite.launch.py
[182.195s] -- Symlinking: /home/jetson/orbbec_ros2_ws/install/orbbec_camera/share/orbbec_camera//launch/gemini_ew.launch.py
[182.213s] -- Symlinking: /home/jetson/orbbec_ros2_ws/install/orbbec_camera/share/orbbec_camera//launch/gemini_ew_lite.launch.py
[182.230s] -- Symlinking: /home/jetson/orbbec_ros2_ws/install/orbbec_camera/share/orbbec_camera//launch/gemini_intra_process_demo_launch.py
[182.247s] -- Symlinking: /home/jetson/orbbec_ros2_ws/install/orbbec_camera/share/orbbec_camera//launch/gemini_uw.launch.py
[182.265s] -- Symlinking: /home/jetson/orbbec_ros2_ws/install/orbbec_camera/share/orbbec_camera//launch/multi_camera.launch.py
[182.282s] -- Symlinking: /home/jetson/orbbec_ros2_ws/install/orbbec_camera/share/orbbec_camera//launch/multi_camera_synced.launch.py
[182.299s] -- Symlinking: /home/jetson/orbbec_ros2_ws/install/orbbec_camera/share/orbbec_camera//launch/multi_net_camera.launch.py
[182.316s] -- Symlinking: /home/jetson/orbbec_ros2_ws/install/orbbec_camera/share/orbbec_camera//launch/ob_camera.launch.py
[182.335s] -- Symlinking: /home/jetson/orbbec_ros2_ws/install/orbbec_camera/share/orbbec_camera//config/.gitkeep
[182.353s] -- Symlinking: /home/jetson/orbbec_ros2_ws/install/orbbec_camera/share/orbbec_camera//config/OrbbecSDKConfig_v1.0.xml
[182.372s] -- Symlinking: /home/jetson/orbbec_ros2_ws/install/orbbec_camera/share/orbbec_camera//config/camera_params.yaml
[182.389s] -- Symlinking: /home/jetson/orbbec_ros2_ws/install/orbbec_camera/share/orbbec_camera//config/depthfilter/Gemini2_v1.8.json
[182.406s] -- Symlinking: /home/jetson/orbbec_ros2_ws/install/orbbec_camera/share/orbbec_camera//config/depthfilter/Openni_device.json
[182.426s] -- Symlinking: /home/jetson/orbbec_ros2_ws/install/orbbec_camera/include/libobsensor/ObSensor.h
[182.444s] -- Symlinking: /home/jetson/orbbec_ros2_ws/install/orbbec_camera/include/libobsensor/ObSensor.hpp
[182.462s] -- Symlinking: /home/jetson/orbbec_ros2_ws/install/orbbec_camera/include/libobsensor/h/Context.h
[182.480s] -- Symlinking: /home/jetson/orbbec_ros2_ws/install/orbbec_camera/include/libobsensor/h/Device.h
[182.498s] -- Symlinking: /home/jetson/orbbec_ros2_ws/install/orbbec_camera/include/libobsensor/h/Error.h
[182.516s] -- Symlinking: /home/jetson/orbbec_ros2_ws/install/orbbec_camera/include/libobsensor/h/Filter.h
[182.534s] -- Symlinking: /home/jetson/orbbec_ros2_ws/install/orbbec_camera/include/libobsensor/h/Frame.h
[182.551s] -- Symlinking: /home/jetson/orbbec_ros2_ws/install/orbbec_camera/include/libobsensor/h/MultipleDevices.h
[182.569s] -- Symlinking: /home/jetson/orbbec_ros2_ws/install/orbbec_camera/include/libobsensor/h/ObTypes.h
[182.586s] -- Symlinking: /home/jetson/orbbec_ros2_ws/install/orbbec_camera/include/libobsensor/h/Pipeline.h
[182.603s] -- Symlinking: /home/jetson/orbbec_ros2_ws/install/orbbec_camera/include/libobsensor/h/Property.h
[182.620s] -- Symlinking: /home/jetson/orbbec_ros2_ws/install/orbbec_camera/include/libobsensor/h/RecordPlayback.h
[182.638s] -- Symlinking: /home/jetson/orbbec_ros2_ws/install/orbbec_camera/include/libobsensor/h/Sensor.h
[182.656s] -- Symlinking: /home/jetson/orbbec_ros2_ws/install/orbbec_camera/include/libobsensor/h/StreamProfile.h
[182.673s] -- Symlinking: /home/jetson/orbbec_ros2_ws/install/orbbec_camera/include/libobsensor/h/Utils.h
[182.690s] -- Symlinking: /home/jetson/orbbec_ros2_ws/install/orbbec_camera/include/libobsensor/h/Version.h
[182.708s] -- Symlinking: /home/jetson/orbbec_ros2_ws/install/orbbec_camera/include/libobsensor/hpp/Context.hpp
[182.727s] -- Symlinking: /home/jetson/orbbec_ros2_ws/install/orbbec_camera/include/libobsensor/hpp/Device.hpp
[182.746s] -- Symlinking: /home/jetson/orbbec_ros2_ws/install/orbbec_camera/include/libobsensor/hpp/Error.hpp
[182.764s] -- Symlinking: /home/jetson/orbbec_ros2_ws/install/orbbec_camera/include/libobsensor/hpp/Filter.hpp
[182.781s] -- Symlinking: /home/jetson/orbbec_ros2_ws/install/orbbec_camera/include/libobsensor/hpp/Frame.hpp
[182.798s] -- Symlinking: /home/jetson/orbbec_ros2_ws/install/orbbec_camera/include/libobsensor/hpp/Pipeline.hpp
[182.816s] -- Symlinking: /home/jetson/orbbec_ros2_ws/install/orbbec_camera/include/libobsensor/hpp/RecordPlayback.hpp
[182.834s] -- Symlinking: /home/jetson/orbbec_ros2_ws/install/orbbec_camera/include/libobsensor/hpp/Sensor.hpp
[182.853s] -- Symlinking: /home/jetson/orbbec_ros2_ws/install/orbbec_camera/include/libobsensor/hpp/StreamProfile.hpp
[182.871s] -- Symlinking: /home/jetson/orbbec_ros2_ws/install/orbbec_camera/include/libobsensor/hpp/Types.hpp
[182.888s] -- Symlinking: /home/jetson/orbbec_ros2_ws/install/orbbec_camera/include/libobsensor/hpp/Utils.hpp
[182.905s] -- Symlinking: /home/jetson/orbbec_ros2_ws/install/orbbec_camera/include/libobsensor/hpp/Version.hpp
[182.923s] -- Symlinking: /home/jetson/orbbec_ros2_ws/install/orbbec_camera/share/orbbec_camera/udev/99-obsensor-libusb.rules
[182.942s] -- Symlinking: /home/jetson/orbbec_ros2_ws/install/orbbec_camera/lib/orbbec_camera//list_devices_node
[182.959s] -- Symlinking: /home/jetson/orbbec_ros2_ws/install/orbbec_camera/lib/orbbec_camera//list_depth_work_mode_node
[182.978s] -- Symlinking: /home/jetson/orbbec_ros2_ws/install/orbbec_camera/lib/orbbec_camera//list_camera_profile_mode_node
[182.998s] -- Symlinking: /home/jetson/orbbec_ros2_ws/install/orbbec_camera/lib/orbbec_camera//topic_statistics_node
[183.018s] -- Symlinking: /home/jetson/orbbec_ros2_ws/install/orbbec_camera/share/orbbec_camera/environment/library_path.sh
[183.036s] -- Symlinking: /home/jetson/orbbec_ros2_ws/install/orbbec_camera/share/orbbec_camera/environment/library_path.dsv
[183.055s] -- Symlinking: /home/jetson/orbbec_ros2_ws/install/orbbec_camera/share/ament_index/resource_index/package_run_dependencies/orbbec_camera
[183.074s] -- Symlinking: /home/jetson/orbbec_ros2_ws/install/orbbec_camera/share/ament_index/resource_index/parent_prefix_path/orbbec_camera
[183.093s] -- Symlinking: /home/jetson/orbbec_ros2_ws/install/orbbec_camera/share/orbbec_camera/environment/ament_prefix_path.sh
[183.111s] -- Symlinking: /home/jetson/orbbec_ros2_ws/install/orbbec_camera/share/orbbec_camera/environment/ament_prefix_path.dsv
[183.128s] -- Symlinking: /home/jetson/orbbec_ros2_ws/install/orbbec_camera/share/orbbec_camera/environment/path.sh
[183.147s] -- Symlinking: /home/jetson/orbbec_ros2_ws/install/orbbec_camera/share/orbbec_camera/environment/path.dsv
[183.164s] -- Symlinking: /home/jetson/orbbec_ros2_ws/install/orbbec_camera/share/orbbec_camera/local_setup.bash
[183.183s] -- Symlinking: /home/jetson/orbbec_ros2_ws/install/orbbec_camera/share/orbbec_camera/local_setup.sh
[183.200s] -- Symlinking: /home/jetson/orbbec_ros2_ws/install/orbbec_camera/share/orbbec_camera/local_setup.zsh
[183.218s] -- Symlinking: /home/jetson/orbbec_ros2_ws/install/orbbec_camera/share/orbbec_camera/local_setup.dsv
[183.235s] -- Symlinking: /home/jetson/orbbec_ros2_ws/install/orbbec_camera/share/orbbec_camera/package.dsv
[183.255s] -- Symlinking: /home/jetson/orbbec_ros2_ws/install/orbbec_camera/share/ament_index/resource_index/packages/orbbec_camera
[183.273s] -- Symlinking: /home/jetson/orbbec_ros2_ws/install/orbbec_camera/share/ament_index/resource_index/rclcpp_components/orbbec_camera
[183.292s] -- Symlinking: /home/jetson/orbbec_ros2_ws/install/orbbec_camera/share/orbbec_camera/cmake/ament_cmake_export_include_directories-extras.cmake
[183.310s] -- Symlinking: /home/jetson/orbbec_ros2_ws/install/orbbec_camera/share/orbbec_camera/cmake/ament_cmake_export_libraries-extras.cmake
[183.328s] -- Symlinking: /home/jetson/orbbec_ros2_ws/install/orbbec_camera/share/orbbec_camera/cmake/ament_cmake_export_dependencies-extras.cmake
[183.346s] -- Symlinking: /home/jetson/orbbec_ros2_ws/install/orbbec_camera/share/orbbec_camera/cmake/orbbec_cameraConfig.cmake
[183.364s] -- Symlinking: /home/jetson/orbbec_ros2_ws/install/orbbec_camera/share/orbbec_camera/cmake/orbbec_cameraConfig-version.cmake
[183.382s] -- Symlinking: /home/jetson/orbbec_ros2_ws/install/orbbec_camera/share/orbbec_camera/package.xml
[183.399s] -- Up-to-date: /home/jetson/orbbec_ros2_ws/install/orbbec_camera/lib/
[183.399s] -- Installing: /home/jetson/orbbec_ros2_ws/install/orbbec_camera/lib//libOrbbecSDK.so
[183.399s] -- Installing: /home/jetson/orbbec_ros2_ws/install/orbbec_camera/lib//libOrbbecSDK.so.1.10
[183.399s] -- Installing: /home/jetson/orbbec_ros2_ws/install/orbbec_camera/lib//liblive555.so
[183.403s] -- Installing: /home/jetson/orbbec_ros2_ws/install/orbbec_camera/lib//libdepthengine.so
[183.403s] -- Installing: /home/jetson/orbbec_ros2_ws/install/orbbec_camera/lib//libOrbbecSDK.so.1.10.37
[183.457s] -- Installing: /home/jetson/orbbec_ros2_ws/install/orbbec_camera/lib//libob_usb.so
[183.458s] -- Installing: /home/jetson/orbbec_ros2_ws/install/orbbec_camera/lib//libdepthengine.so.2.0
[183.480s] Invoked command in '/home/jetson/orbbec_ros2_ws/build/orbbec_camera' returned '0': AMENT_PREFIX_PATH=/home/jetson/orbbec_ros2_ws/install/orbbec_camera_msgs:${AMENT_PREFIX_PATH} CMAKE_PREFIX_PATH=/home/jetson/orbbec_ros2_ws/install/orbbec_camera_msgs:/home/jetson/yahboom_ws/install/interfaces:/home/jetson/yahboom_ws/install/text_chat:/home/jetson/yahboom_ws/install/largemodel:/home/jetson/yahboom_ws/install/camera:/opt/ros/humble LD_LIBRARY_PATH=/home/jetson/orbbec_ros2_ws/install/orbbec_camera_msgs/lib:/home/jetson/yahboom_ws/install/interfaces/lib:/opt/ros/humble/opt/rviz_ogre_vendor/lib:/opt/ros/humble/lib/aarch64-linux-gnu:/opt/ros/humble/lib:/usr/local/lib:/usr/local/cuda-12.6/lib64 PYTHONPATH=/home/jetson/orbbec_ros2_ws/install/orbbec_camera_msgs/local/lib/python3.10/dist-packages:${PYTHONPATH} /usr/bin/cmake --install /home/jetson/orbbec_ros2_ws/build/orbbec_camera
