[0.570s] [34mcolcon[0m [1;30mDEBUG[0m [32mCommand line arguments: ['/usr/bin/colcon', 'build', '--symlink-install', '--parallel-workers', '1'][0m
[0.570s] [34mcolcon[0m [1;30mDEBUG[0m [32mParsed command line arguments: Namespace(log_base=None, log_level=None, verb_name='build', build_base='build', install_base='install', merge_install=False, symlink_install=True, test_result_base=None, continue_on_error=False, executor='parallel', parallel_workers=1, event_handlers=None, ignore_user_meta=False, metas=['./colcon.meta'], base_paths=['.'], packages_ignore=None, packages_ignore_regex=None, paths=None, packages_up_to=None, packages_up_to_regex=None, packages_above=None, packages_above_and_dependencies=None, packages_above_depth=None, packages_select_by_dep=None, packages_skip_by_dep=None, packages_skip_up_to=None, packages_select_build_failed=False, packages_skip_build_finished=False, packages_select_test_failures=False, packages_skip_test_passed=False, packages_select=None, packages_skip=None, packages_select_regex=None, packages_skip_regex=None, packages_start=None, packages_end=None, allow_overriding=[], cmake_args=None, cmake_target=None, cmake_target_skip_unavailable=False, cmake_clean_cache=False, cmake_clean_first=False, cmake_force_configure=False, ament_cmake_args=None, catkin_cmake_args=None, catkin_skip_building_tests=False, mixin_files=None, mixin=None, verb_parser=<colcon_mixin.mixin.mixin_argument.MixinArgumentDecorator object at 0xffff85adbe20>, verb_extension=<colcon_core.verb.build.BuildVerb object at 0xffff85adb070>, main=<bound method BuildVerb.main of <colcon_core.verb.build.BuildVerb object at 0xffff85adb070>>, mixin_verb=('build',))[0m
[1.146s] [34mcolcon.colcon_core.package_discovery[0m [1;30mLevel 1[0m discover_packages(colcon_meta) check parameters
[1.147s] [34mcolcon.colcon_core.package_discovery[0m [1;30mLevel 1[0m discover_packages(recursive) check parameters
[1.147s] [34mcolcon.colcon_core.package_discovery[0m [1;30mLevel 1[0m discover_packages(ignore) check parameters
[1.147s] [34mcolcon.colcon_core.package_discovery[0m [1;30mLevel 1[0m discover_packages(path) check parameters
[1.147s] [34mcolcon.colcon_core.package_discovery[0m [1;30mLevel 1[0m discover_packages(colcon_meta) discover
[1.147s] [34mcolcon.colcon_core.package_discovery[0m [1;30mLevel 1[0m discover_packages(recursive) discover
[1.148s] [34mcolcon.colcon_core.package_discovery[0m [1;30mINFO[0m Crawling recursively for packages in '/home/jetson/orbbec_ros2_ws'
[1.148s] [34mcolcon.colcon_core.package_identification[0m [1;30mLevel 1[0m _identify(.) by extensions ['ignore', 'ignore_ament_install']
[1.148s] [34mcolcon.colcon_core.package_identification[0m [1;30mLevel 1[0m _identify(.) by extension 'ignore'
[1.149s] [34mcolcon.colcon_core.package_identification[0m [1;30mLevel 1[0m _identify(.) by extension 'ignore_ament_install'
[1.149s] [34mcolcon.colcon_core.package_identification[0m [1;30mLevel 1[0m _identify(.) by extensions ['colcon_pkg']
[1.149s] [34mcolcon.colcon_core.package_identification[0m [1;30mLevel 1[0m _identify(.) by extension 'colcon_pkg'
[1.149s] [34mcolcon.colcon_core.package_identification[0m [1;30mLevel 1[0m _identify(.) by extensions ['colcon_meta']
[1.149s] [34mcolcon.colcon_core.package_identification[0m [1;30mLevel 1[0m _identify(.) by extension 'colcon_meta'
[1.149s] [34mcolcon.colcon_core.package_identification[0m [1;30mLevel 1[0m _identify(.) by extensions ['ros']
[1.149s] [34mcolcon.colcon_core.package_identification[0m [1;30mLevel 1[0m _identify(.) by extension 'ros'
[1.184s] [34mcolcon.colcon_core.package_identification[0m [1;30mLevel 1[0m _identify(.) by extensions ['cmake', 'python']
[1.184s] [34mcolcon.colcon_core.package_identification[0m [1;30mLevel 1[0m _identify(.) by extension 'cmake'
[1.184s] [34mcolcon.colcon_core.package_identification[0m [1;30mLevel 1[0m _identify(.) by extension 'python'
[1.184s] [34mcolcon.colcon_core.package_identification[0m [1;30mLevel 1[0m _identify(.) by extensions ['python_setup_py']
[1.184s] [34mcolcon.colcon_core.package_identification[0m [1;30mLevel 1[0m _identify(.) by extension 'python_setup_py'
[1.185s] [34mcolcon.colcon_core.package_identification[0m [1;30mLevel 1[0m _identify(build) by extensions ['ignore', 'ignore_ament_install']
[1.185s] [34mcolcon.colcon_core.package_identification[0m [1;30mLevel 1[0m _identify(build) by extension 'ignore'
[1.185s] [34mcolcon.colcon_core.package_identification[0m [1;30mLevel 1[0m _identify(build) ignored
[1.185s] [34mcolcon.colcon_core.package_identification[0m [1;30mLevel 1[0m _identify(install) by extensions ['ignore', 'ignore_ament_install']
[1.186s] [34mcolcon.colcon_core.package_identification[0m [1;30mLevel 1[0m _identify(install) by extension 'ignore'
[1.186s] [34mcolcon.colcon_core.package_identification[0m [1;30mLevel 1[0m _identify(install) ignored
[1.186s] [34mcolcon.colcon_core.package_identification[0m [1;30mLevel 1[0m _identify(log) by extensions ['ignore', 'ignore_ament_install']
[1.186s] [34mcolcon.colcon_core.package_identification[0m [1;30mLevel 1[0m _identify(log) by extension 'ignore'
[1.186s] [34mcolcon.colcon_core.package_identification[0m [1;30mLevel 1[0m _identify(log) ignored
[1.186s] [34mcolcon.colcon_core.package_identification[0m [1;30mLevel 1[0m _identify(src) by extensions ['ignore', 'ignore_ament_install']
[1.187s] [34mcolcon.colcon_core.package_identification[0m [1;30mLevel 1[0m _identify(src) by extension 'ignore'
[1.187s] [34mcolcon.colcon_core.package_identification[0m [1;30mLevel 1[0m _identify(src) by extension 'ignore_ament_install'
[1.187s] [34mcolcon.colcon_core.package_identification[0m [1;30mLevel 1[0m _identify(src) by extensions ['colcon_pkg']
[1.187s] [34mcolcon.colcon_core.package_identification[0m [1;30mLevel 1[0m _identify(src) by extension 'colcon_pkg'
[1.187s] [34mcolcon.colcon_core.package_identification[0m [1;30mLevel 1[0m _identify(src) by extensions ['colcon_meta']
[1.187s] [34mcolcon.colcon_core.package_identification[0m [1;30mLevel 1[0m _identify(src) by extension 'colcon_meta'
[1.187s] [34mcolcon.colcon_core.package_identification[0m [1;30mLevel 1[0m _identify(src) by extensions ['ros']
[1.188s] [34mcolcon.colcon_core.package_identification[0m [1;30mLevel 1[0m _identify(src) by extension 'ros'
[1.188s] [34mcolcon.colcon_core.package_identification[0m [1;30mLevel 1[0m _identify(src) by extensions ['cmake', 'python']
[1.188s] [34mcolcon.colcon_core.package_identification[0m [1;30mLevel 1[0m _identify(src) by extension 'cmake'
[1.188s] [34mcolcon.colcon_core.package_identification[0m [1;30mLevel 1[0m _identify(src) by extension 'python'
[1.188s] [34mcolcon.colcon_core.package_identification[0m [1;30mLevel 1[0m _identify(src) by extensions ['python_setup_py']
[1.188s] [34mcolcon.colcon_core.package_identification[0m [1;30mLevel 1[0m _identify(src) by extension 'python_setup_py'
[1.188s] [34mcolcon.colcon_core.package_identification[0m [1;30mLevel 1[0m _identify(src/OrbbecSDK_ROS2) by extensions ['ignore', 'ignore_ament_install']
[1.189s] [34mcolcon.colcon_core.package_identification[0m [1;30mLevel 1[0m _identify(src/OrbbecSDK_ROS2) by extension 'ignore'
[1.189s] [34mcolcon.colcon_core.package_identification[0m [1;30mLevel 1[0m _identify(src/OrbbecSDK_ROS2) by extension 'ignore_ament_install'
[1.189s] [34mcolcon.colcon_core.package_identification[0m [1;30mLevel 1[0m _identify(src/OrbbecSDK_ROS2) by extensions ['colcon_pkg']
[1.189s] [34mcolcon.colcon_core.package_identification[0m [1;30mLevel 1[0m _identify(src/OrbbecSDK_ROS2) by extension 'colcon_pkg'
[1.189s] [34mcolcon.colcon_core.package_identification[0m [1;30mLevel 1[0m _identify(src/OrbbecSDK_ROS2) by extensions ['colcon_meta']
[1.189s] [34mcolcon.colcon_core.package_identification[0m [1;30mLevel 1[0m _identify(src/OrbbecSDK_ROS2) by extension 'colcon_meta'
[1.189s] [34mcolcon.colcon_core.package_identification[0m [1;30mLevel 1[0m _identify(src/OrbbecSDK_ROS2) by extensions ['ros']
[1.189s] [34mcolcon.colcon_core.package_identification[0m [1;30mLevel 1[0m _identify(src/OrbbecSDK_ROS2) by extension 'ros'
[1.190s] [34mcolcon.colcon_core.package_identification[0m [1;30mLevel 1[0m _identify(src/OrbbecSDK_ROS2) by extensions ['cmake', 'python']
[1.190s] [34mcolcon.colcon_core.package_identification[0m [1;30mLevel 1[0m _identify(src/OrbbecSDK_ROS2) by extension 'cmake'
[1.190s] [34mcolcon.colcon_core.package_identification[0m [1;30mLevel 1[0m _identify(src/OrbbecSDK_ROS2) by extension 'python'
[1.190s] [34mcolcon.colcon_core.package_identification[0m [1;30mLevel 1[0m _identify(src/OrbbecSDK_ROS2) by extensions ['python_setup_py']
[1.190s] [34mcolcon.colcon_core.package_identification[0m [1;30mLevel 1[0m _identify(src/OrbbecSDK_ROS2) by extension 'python_setup_py'
[1.190s] [34mcolcon.colcon_core.package_identification[0m [1;30mLevel 1[0m _identify(src/OrbbecSDK_ROS2/docs) by extensions ['ignore', 'ignore_ament_install']
[1.190s] [34mcolcon.colcon_core.package_identification[0m [1;30mLevel 1[0m _identify(src/OrbbecSDK_ROS2/docs) by extension 'ignore'
[1.190s] [34mcolcon.colcon_core.package_identification[0m [1;30mLevel 1[0m _identify(src/OrbbecSDK_ROS2/docs) by extension 'ignore_ament_install'
[1.191s] [34mcolcon.colcon_core.package_identification[0m [1;30mLevel 1[0m _identify(src/OrbbecSDK_ROS2/docs) by extensions ['colcon_pkg']
[1.191s] [34mcolcon.colcon_core.package_identification[0m [1;30mLevel 1[0m _identify(src/OrbbecSDK_ROS2/docs) by extension 'colcon_pkg'
[1.191s] [34mcolcon.colcon_core.package_identification[0m [1;30mLevel 1[0m _identify(src/OrbbecSDK_ROS2/docs) by extensions ['colcon_meta']
[1.191s] [34mcolcon.colcon_core.package_identification[0m [1;30mLevel 1[0m _identify(src/OrbbecSDK_ROS2/docs) by extension 'colcon_meta'
[1.191s] [34mcolcon.colcon_core.package_identification[0m [1;30mLevel 1[0m _identify(src/OrbbecSDK_ROS2/docs) by extensions ['ros']
[1.191s] [34mcolcon.colcon_core.package_identification[0m [1;30mLevel 1[0m _identify(src/OrbbecSDK_ROS2/docs) by extension 'ros'
[1.191s] [34mcolcon.colcon_core.package_identification[0m [1;30mLevel 1[0m _identify(src/OrbbecSDK_ROS2/docs) by extensions ['cmake', 'python']
[1.191s] [34mcolcon.colcon_core.package_identification[0m [1;30mLevel 1[0m _identify(src/OrbbecSDK_ROS2/docs) by extension 'cmake'
[1.191s] [34mcolcon.colcon_core.package_identification[0m [1;30mLevel 1[0m _identify(src/OrbbecSDK_ROS2/docs) by extension 'python'
[1.191s] [34mcolcon.colcon_core.package_identification[0m [1;30mLevel 1[0m _identify(src/OrbbecSDK_ROS2/docs) by extensions ['python_setup_py']
[1.192s] [34mcolcon.colcon_core.package_identification[0m [1;30mLevel 1[0m _identify(src/OrbbecSDK_ROS2/docs) by extension 'python_setup_py'
[1.192s] [34mcolcon.colcon_core.package_identification[0m [1;30mLevel 1[0m _identify(src/OrbbecSDK_ROS2/docs/images) by extensions ['ignore', 'ignore_ament_install']
[1.192s] [34mcolcon.colcon_core.package_identification[0m [1;30mLevel 1[0m _identify(src/OrbbecSDK_ROS2/docs/images) by extension 'ignore'
[1.192s] [34mcolcon.colcon_core.package_identification[0m [1;30mLevel 1[0m _identify(src/OrbbecSDK_ROS2/docs/images) by extension 'ignore_ament_install'
[1.192s] [34mcolcon.colcon_core.package_identification[0m [1;30mLevel 1[0m _identify(src/OrbbecSDK_ROS2/docs/images) by extensions ['colcon_pkg']
[1.192s] [34mcolcon.colcon_core.package_identification[0m [1;30mLevel 1[0m _identify(src/OrbbecSDK_ROS2/docs/images) by extension 'colcon_pkg'
[1.192s] [34mcolcon.colcon_core.package_identification[0m [1;30mLevel 1[0m _identify(src/OrbbecSDK_ROS2/docs/images) by extensions ['colcon_meta']
[1.192s] [34mcolcon.colcon_core.package_identification[0m [1;30mLevel 1[0m _identify(src/OrbbecSDK_ROS2/docs/images) by extension 'colcon_meta'
[1.193s] [34mcolcon.colcon_core.package_identification[0m [1;30mLevel 1[0m _identify(src/OrbbecSDK_ROS2/docs/images) by extensions ['ros']
[1.193s] [34mcolcon.colcon_core.package_identification[0m [1;30mLevel 1[0m _identify(src/OrbbecSDK_ROS2/docs/images) by extension 'ros'
[1.193s] [34mcolcon.colcon_core.package_identification[0m [1;30mLevel 1[0m _identify(src/OrbbecSDK_ROS2/docs/images) by extensions ['cmake', 'python']
[1.193s] [34mcolcon.colcon_core.package_identification[0m [1;30mLevel 1[0m _identify(src/OrbbecSDK_ROS2/docs/images) by extension 'cmake'
[1.193s] [34mcolcon.colcon_core.package_identification[0m [1;30mLevel 1[0m _identify(src/OrbbecSDK_ROS2/docs/images) by extension 'python'
[1.193s] [34mcolcon.colcon_core.package_identification[0m [1;30mLevel 1[0m _identify(src/OrbbecSDK_ROS2/docs/images) by extensions ['python_setup_py']
[1.193s] [34mcolcon.colcon_core.package_identification[0m [1;30mLevel 1[0m _identify(src/OrbbecSDK_ROS2/docs/images) by extension 'python_setup_py'
[1.193s] [34mcolcon.colcon_core.package_identification[0m [1;30mLevel 1[0m _identify(src/OrbbecSDK_ROS2/orbbec_camera) by extensions ['ignore', 'ignore_ament_install']
[1.194s] [34mcolcon.colcon_core.package_identification[0m [1;30mLevel 1[0m _identify(src/OrbbecSDK_ROS2/orbbec_camera) by extension 'ignore'
[1.194s] [34mcolcon.colcon_core.package_identification[0m [1;30mLevel 1[0m _identify(src/OrbbecSDK_ROS2/orbbec_camera) by extension 'ignore_ament_install'
[1.194s] [34mcolcon.colcon_core.package_identification[0m [1;30mLevel 1[0m _identify(src/OrbbecSDK_ROS2/orbbec_camera) by extensions ['colcon_pkg']
[1.194s] [34mcolcon.colcon_core.package_identification[0m [1;30mLevel 1[0m _identify(src/OrbbecSDK_ROS2/orbbec_camera) by extension 'colcon_pkg'
[1.194s] [34mcolcon.colcon_core.package_identification[0m [1;30mLevel 1[0m _identify(src/OrbbecSDK_ROS2/orbbec_camera) by extensions ['colcon_meta']
[1.194s] [34mcolcon.colcon_core.package_identification[0m [1;30mLevel 1[0m _identify(src/OrbbecSDK_ROS2/orbbec_camera) by extension 'colcon_meta'
[1.194s] [34mcolcon.colcon_core.package_identification[0m [1;30mLevel 1[0m _identify(src/OrbbecSDK_ROS2/orbbec_camera) by extensions ['ros']
[1.194s] [34mcolcon.colcon_core.package_identification[0m [1;30mLevel 1[0m _identify(src/OrbbecSDK_ROS2/orbbec_camera) by extension 'ros'
[1.206s] [34mcolcon.colcon_core.package_identification[0m [1;30mDEBUG[0m [32mPackage 'src/OrbbecSDK_ROS2/orbbec_camera' with type 'ros.ament_cmake' and name 'orbbec_camera'[0m
[1.206s] [34mcolcon.colcon_core.package_identification[0m [1;30mLevel 1[0m _identify(src/OrbbecSDK_ROS2/orbbec_camera_msgs) by extensions ['ignore', 'ignore_ament_install']
[1.207s] [34mcolcon.colcon_core.package_identification[0m [1;30mLevel 1[0m _identify(src/OrbbecSDK_ROS2/orbbec_camera_msgs) by extension 'ignore'
[1.207s] [34mcolcon.colcon_core.package_identification[0m [1;30mLevel 1[0m _identify(src/OrbbecSDK_ROS2/orbbec_camera_msgs) by extension 'ignore_ament_install'
[1.207s] [34mcolcon.colcon_core.package_identification[0m [1;30mLevel 1[0m _identify(src/OrbbecSDK_ROS2/orbbec_camera_msgs) by extensions ['colcon_pkg']
[1.207s] [34mcolcon.colcon_core.package_identification[0m [1;30mLevel 1[0m _identify(src/OrbbecSDK_ROS2/orbbec_camera_msgs) by extension 'colcon_pkg'
[1.208s] [34mcolcon.colcon_core.package_identification[0m [1;30mLevel 1[0m _identify(src/OrbbecSDK_ROS2/orbbec_camera_msgs) by extensions ['colcon_meta']
[1.208s] [34mcolcon.colcon_core.package_identification[0m [1;30mLevel 1[0m _identify(src/OrbbecSDK_ROS2/orbbec_camera_msgs) by extension 'colcon_meta'
[1.208s] [34mcolcon.colcon_core.package_identification[0m [1;30mLevel 1[0m _identify(src/OrbbecSDK_ROS2/orbbec_camera_msgs) by extensions ['ros']
[1.208s] [34mcolcon.colcon_core.package_identification[0m [1;30mLevel 1[0m _identify(src/OrbbecSDK_ROS2/orbbec_camera_msgs) by extension 'ros'
[1.209s] [34mcolcon.colcon_core.package_identification[0m [1;30mDEBUG[0m [32mPackage 'src/OrbbecSDK_ROS2/orbbec_camera_msgs' with type 'ros.ament_cmake' and name 'orbbec_camera_msgs'[0m
[1.209s] [34mcolcon.colcon_core.package_identification[0m [1;30mLevel 1[0m _identify(src/OrbbecSDK_ROS2/orbbec_description) by extensions ['ignore', 'ignore_ament_install']
[1.210s] [34mcolcon.colcon_core.package_identification[0m [1;30mLevel 1[0m _identify(src/OrbbecSDK_ROS2/orbbec_description) by extension 'ignore'
[1.210s] [34mcolcon.colcon_core.package_identification[0m [1;30mLevel 1[0m _identify(src/OrbbecSDK_ROS2/orbbec_description) by extension 'ignore_ament_install'
[1.210s] [34mcolcon.colcon_core.package_identification[0m [1;30mLevel 1[0m _identify(src/OrbbecSDK_ROS2/orbbec_description) by extensions ['colcon_pkg']
[1.210s] [34mcolcon.colcon_core.package_identification[0m [1;30mLevel 1[0m _identify(src/OrbbecSDK_ROS2/orbbec_description) by extension 'colcon_pkg'
[1.210s] [34mcolcon.colcon_core.package_identification[0m [1;30mLevel 1[0m _identify(src/OrbbecSDK_ROS2/orbbec_description) by extensions ['colcon_meta']
[1.210s] [34mcolcon.colcon_core.package_identification[0m [1;30mLevel 1[0m _identify(src/OrbbecSDK_ROS2/orbbec_description) by extension 'colcon_meta'
[1.210s] [34mcolcon.colcon_core.package_identification[0m [1;30mLevel 1[0m _identify(src/OrbbecSDK_ROS2/orbbec_description) by extensions ['ros']
[1.210s] [34mcolcon.colcon_core.package_identification[0m [1;30mLevel 1[0m _identify(src/OrbbecSDK_ROS2/orbbec_description) by extension 'ros'
[1.211s] [34mcolcon.colcon_core.package_identification[0m [1;30mDEBUG[0m [32mPackage 'src/OrbbecSDK_ROS2/orbbec_description' with type 'ros.ament_cmake' and name 'orbbec_description'[0m
[1.211s] [34mcolcon.colcon_core.package_discovery[0m [1;30mLevel 1[0m discover_packages(recursive) using defaults
[1.212s] [34mcolcon.colcon_core.package_discovery[0m [1;30mLevel 1[0m discover_packages(ignore) discover
[1.212s] [34mcolcon.colcon_core.package_discovery[0m [1;30mLevel 1[0m discover_packages(ignore) using defaults
[1.212s] [34mcolcon.colcon_core.package_discovery[0m [1;30mLevel 1[0m discover_packages(path) discover
[1.212s] [34mcolcon.colcon_core.package_discovery[0m [1;30mLevel 1[0m discover_packages(path) using defaults
[1.278s] [34mcolcon.colcon_core.package_discovery[0m [1;30mLevel 1[0m discover_packages(prefix_path) check parameters
[1.278s] [34mcolcon.colcon_core.package_discovery[0m [1;30mLevel 1[0m discover_packages(prefix_path) discover
[1.290s] [34mcolcon.colcon_installed_package_information.package_discovery[0m [1;30mDEBUG[0m [32mFound 4 installed packages in /home/jetson/yahboom_ws/install[0m
[1.293s] [34mcolcon.colcon_installed_package_information.package_discovery[0m [1;30mDEBUG[0m [32mFound 285 installed packages in /opt/ros/humble[0m
[1.298s] [34mcolcon.colcon_core.package_discovery[0m [1;30mLevel 1[0m discover_packages(prefix_path) using defaults
[1.378s] [34mcolcon.colcon_core.verb[0m [1;30mLevel 5[0m set package 'orbbec_camera_msgs' build argument 'cmake_args' from command line to 'None'
[1.378s] [34mcolcon.colcon_core.verb[0m [1;30mLevel 5[0m set package 'orbbec_camera_msgs' build argument 'cmake_target' from command line to 'None'
[1.378s] [34mcolcon.colcon_core.verb[0m [1;30mLevel 5[0m set package 'orbbec_camera_msgs' build argument 'cmake_target_skip_unavailable' from command line to 'False'
[1.378s] [34mcolcon.colcon_core.verb[0m [1;30mLevel 5[0m set package 'orbbec_camera_msgs' build argument 'cmake_clean_cache' from command line to 'False'
[1.378s] [34mcolcon.colcon_core.verb[0m [1;30mLevel 5[0m set package 'orbbec_camera_msgs' build argument 'cmake_clean_first' from command line to 'False'
[1.378s] [34mcolcon.colcon_core.verb[0m [1;30mLevel 5[0m set package 'orbbec_camera_msgs' build argument 'cmake_force_configure' from command line to 'False'
[1.378s] [34mcolcon.colcon_core.verb[0m [1;30mLevel 5[0m set package 'orbbec_camera_msgs' build argument 'ament_cmake_args' from command line to 'None'
[1.378s] [34mcolcon.colcon_core.verb[0m [1;30mLevel 5[0m set package 'orbbec_camera_msgs' build argument 'catkin_cmake_args' from command line to 'None'
[1.378s] [34mcolcon.colcon_core.verb[0m [1;30mLevel 5[0m set package 'orbbec_camera_msgs' build argument 'catkin_skip_building_tests' from command line to 'False'
[1.379s] [34mcolcon.colcon_core.verb[0m [1;30mDEBUG[0m [32mBuilding package 'orbbec_camera_msgs' with the following arguments: {'ament_cmake_args': None, 'build_base': '/home/jetson/orbbec_ros2_ws/build/orbbec_camera_msgs', 'catkin_cmake_args': None, 'catkin_skip_building_tests': False, 'cmake_args': None, 'cmake_clean_cache': False, 'cmake_clean_first': False, 'cmake_force_configure': False, 'cmake_target': None, 'cmake_target_skip_unavailable': False, 'install_base': '/home/jetson/orbbec_ros2_ws/install/orbbec_camera_msgs', 'merge_install': False, 'path': '/home/jetson/orbbec_ros2_ws/src/OrbbecSDK_ROS2/orbbec_camera_msgs', 'symlink_install': True, 'test_result_base': None}[0m
[1.379s] [34mcolcon.colcon_core.verb[0m [1;30mLevel 5[0m set package 'orbbec_description' build argument 'cmake_args' from command line to 'None'
[1.379s] [34mcolcon.colcon_core.verb[0m [1;30mLevel 5[0m set package 'orbbec_description' build argument 'cmake_target' from command line to 'None'
[1.379s] [34mcolcon.colcon_core.verb[0m [1;30mLevel 5[0m set package 'orbbec_description' build argument 'cmake_target_skip_unavailable' from command line to 'False'
[1.379s] [34mcolcon.colcon_core.verb[0m [1;30mLevel 5[0m set package 'orbbec_description' build argument 'cmake_clean_cache' from command line to 'False'
[1.379s] [34mcolcon.colcon_core.verb[0m [1;30mLevel 5[0m set package 'orbbec_description' build argument 'cmake_clean_first' from command line to 'False'
[1.379s] [34mcolcon.colcon_core.verb[0m [1;30mLevel 5[0m set package 'orbbec_description' build argument 'cmake_force_configure' from command line to 'False'
[1.379s] [34mcolcon.colcon_core.verb[0m [1;30mLevel 5[0m set package 'orbbec_description' build argument 'ament_cmake_args' from command line to 'None'
[1.380s] [34mcolcon.colcon_core.verb[0m [1;30mLevel 5[0m set package 'orbbec_description' build argument 'catkin_cmake_args' from command line to 'None'
[1.380s] [34mcolcon.colcon_core.verb[0m [1;30mLevel 5[0m set package 'orbbec_description' build argument 'catkin_skip_building_tests' from command line to 'False'
[1.380s] [34mcolcon.colcon_core.verb[0m [1;30mDEBUG[0m [32mBuilding package 'orbbec_description' with the following arguments: {'ament_cmake_args': None, 'build_base': '/home/jetson/orbbec_ros2_ws/build/orbbec_description', 'catkin_cmake_args': None, 'catkin_skip_building_tests': False, 'cmake_args': None, 'cmake_clean_cache': False, 'cmake_clean_first': False, 'cmake_force_configure': False, 'cmake_target': None, 'cmake_target_skip_unavailable': False, 'install_base': '/home/jetson/orbbec_ros2_ws/install/orbbec_description', 'merge_install': False, 'path': '/home/jetson/orbbec_ros2_ws/src/OrbbecSDK_ROS2/orbbec_description', 'symlink_install': True, 'test_result_base': None}[0m
[1.380s] [34mcolcon.colcon_core.verb[0m [1;30mLevel 5[0m set package 'orbbec_camera' build argument 'cmake_args' from command line to 'None'
[1.380s] [34mcolcon.colcon_core.verb[0m [1;30mLevel 5[0m set package 'orbbec_camera' build argument 'cmake_target' from command line to 'None'
[1.380s] [34mcolcon.colcon_core.verb[0m [1;30mLevel 5[0m set package 'orbbec_camera' build argument 'cmake_target_skip_unavailable' from command line to 'False'
[1.380s] [34mcolcon.colcon_core.verb[0m [1;30mLevel 5[0m set package 'orbbec_camera' build argument 'cmake_clean_cache' from command line to 'False'
[1.380s] [34mcolcon.colcon_core.verb[0m [1;30mLevel 5[0m set package 'orbbec_camera' build argument 'cmake_clean_first' from command line to 'False'
[1.380s] [34mcolcon.colcon_core.verb[0m [1;30mLevel 5[0m set package 'orbbec_camera' build argument 'cmake_force_configure' from command line to 'False'
[1.380s] [34mcolcon.colcon_core.verb[0m [1;30mLevel 5[0m set package 'orbbec_camera' build argument 'ament_cmake_args' from command line to 'None'
[1.381s] [34mcolcon.colcon_core.verb[0m [1;30mLevel 5[0m set package 'orbbec_camera' build argument 'catkin_cmake_args' from command line to 'None'
[1.381s] [34mcolcon.colcon_core.verb[0m [1;30mLevel 5[0m set package 'orbbec_camera' build argument 'catkin_skip_building_tests' from command line to 'False'
[1.381s] [34mcolcon.colcon_core.verb[0m [1;30mDEBUG[0m [32mBuilding package 'orbbec_camera' with the following arguments: {'ament_cmake_args': None, 'build_base': '/home/jetson/orbbec_ros2_ws/build/orbbec_camera', 'catkin_cmake_args': None, 'catkin_skip_building_tests': False, 'cmake_args': None, 'cmake_clean_cache': False, 'cmake_clean_first': False, 'cmake_force_configure': False, 'cmake_target': None, 'cmake_target_skip_unavailable': False, 'install_base': '/home/jetson/orbbec_ros2_ws/install/orbbec_camera', 'merge_install': False, 'path': '/home/jetson/orbbec_ros2_ws/src/OrbbecSDK_ROS2/orbbec_camera', 'symlink_install': True, 'test_result_base': None}[0m
[1.381s] [34mcolcon.colcon_core.executor[0m [1;30mINFO[0m Executing jobs using 'parallel' executor
[1.383s] [34mcolcon.colcon_parallel_executor.executor.parallel[0m [1;30mDEBUG[0m [32mrun_until_complete[0m
[1.383s] [34mcolcon.colcon_ros.task.ament_cmake.build[0m [1;30mINFO[0m Building ROS package in '/home/jetson/orbbec_ros2_ws/src/OrbbecSDK_ROS2/orbbec_camera_msgs' with build type 'ament_cmake'
[1.384s] [34mcolcon.colcon_cmake.task.cmake.build[0m [1;30mINFO[0m Building CMake package in '/home/jetson/orbbec_ros2_ws/src/OrbbecSDK_ROS2/orbbec_camera_msgs'
[1.394s] [34mcolcon.colcon_core.plugin_system[0m [1;30mINFO[0m Skipping extension 'colcon_core.shell.bat': Not used on non-Windows systems
[1.394s] [34mcolcon.colcon_core.shell[0m [1;30mINFO[0m Skip shell extension 'powershell' for command environment: Not usable outside of PowerShell
[1.394s] [34mcolcon.colcon_core.shell[0m [1;30mDEBUG[0m [32mSkip shell extension 'dsv' for command environment[0m
[1.414s] [34mcolcon.colcon_core.event_handler.log_command[0m [1;30mDEBUG[0m [32mInvoking command in '/home/jetson/orbbec_ros2_ws/build/orbbec_camera_msgs': CMAKE_PREFIX_PATH=${CMAKE_PREFIX_PATH}:/home/jetson/yahboom_ws/install/text_chat:/home/jetson/yahboom_ws/install/largemodel:/home/jetson/yahboom_ws/install/camera:/opt/ros/humble /usr/bin/cmake /home/jetson/orbbec_ros2_ws/src/OrbbecSDK_ROS2/orbbec_camera_msgs -DAMENT_CMAKE_SYMLINK_INSTALL=1 -DCMAKE_INSTALL_PREFIX=/home/jetson/orbbec_ros2_ws/install/orbbec_camera_msgs[0m
[9.463s] [34mcolcon.colcon_core.event_handler.log_command[0m [1;30mDEBUG[0m [32mInvoked command in '/home/jetson/orbbec_ros2_ws/build/orbbec_camera_msgs' returned '0': CMAKE_PREFIX_PATH=${CMAKE_PREFIX_PATH}:/home/jetson/yahboom_ws/install/text_chat:/home/jetson/yahboom_ws/install/largemodel:/home/jetson/yahboom_ws/install/camera:/opt/ros/humble /usr/bin/cmake /home/jetson/orbbec_ros2_ws/src/OrbbecSDK_ROS2/orbbec_camera_msgs -DAMENT_CMAKE_SYMLINK_INSTALL=1 -DCMAKE_INSTALL_PREFIX=/home/jetson/orbbec_ros2_ws/install/orbbec_camera_msgs[0m
[9.465s] [34mcolcon.colcon_core.event_handler.log_command[0m [1;30mDEBUG[0m [32mInvoking command in '/home/jetson/orbbec_ros2_ws/build/orbbec_camera_msgs': CMAKE_PREFIX_PATH=${CMAKE_PREFIX_PATH}:/home/jetson/yahboom_ws/install/text_chat:/home/jetson/yahboom_ws/install/largemodel:/home/jetson/yahboom_ws/install/camera:/opt/ros/humble /usr/bin/cmake --build /home/jetson/orbbec_ros2_ws/build/orbbec_camera_msgs -- -j6 -l6[0m
[27.278s] [34mcolcon.colcon_core.event_handler.log_command[0m [1;30mDEBUG[0m [32mInvoked command in '/home/jetson/orbbec_ros2_ws/build/orbbec_camera_msgs' returned '0': CMAKE_PREFIX_PATH=${CMAKE_PREFIX_PATH}:/home/jetson/yahboom_ws/install/text_chat:/home/jetson/yahboom_ws/install/largemodel:/home/jetson/yahboom_ws/install/camera:/opt/ros/humble /usr/bin/cmake --build /home/jetson/orbbec_ros2_ws/build/orbbec_camera_msgs -- -j6 -l6[0m
[27.303s] [34mcolcon.colcon_core.event_handler.log_command[0m [1;30mDEBUG[0m [32mInvoking command in '/home/jetson/orbbec_ros2_ws/build/orbbec_camera_msgs': CMAKE_PREFIX_PATH=${CMAKE_PREFIX_PATH}:/home/jetson/yahboom_ws/install/text_chat:/home/jetson/yahboom_ws/install/largemodel:/home/jetson/yahboom_ws/install/camera:/opt/ros/humble /usr/bin/cmake --install /home/jetson/orbbec_ros2_ws/build/orbbec_camera_msgs[0m
[33.363s] [34mcolcon.colcon_core.environment[0m [1;30mLevel 1[0m create_environment_scripts_only(orbbec_camera_msgs)
[33.364s] [34mcolcon.colcon_core.event_handler.log_command[0m [1;30mDEBUG[0m [32mInvoked command in '/home/jetson/orbbec_ros2_ws/build/orbbec_camera_msgs' returned '0': CMAKE_PREFIX_PATH=${CMAKE_PREFIX_PATH}:/home/jetson/yahboom_ws/install/text_chat:/home/jetson/yahboom_ws/install/largemodel:/home/jetson/yahboom_ws/install/camera:/opt/ros/humble /usr/bin/cmake --install /home/jetson/orbbec_ros2_ws/build/orbbec_camera_msgs[0m
[33.379s] [34mcolcon.colcon_core.environment[0m [1;30mLevel 1[0m checking '/home/jetson/orbbec_ros2_ws/install/orbbec_camera_msgs' for CMake module files
[33.381s] [34mcolcon.colcon_core.environment[0m [1;30mLevel 1[0m checking '/home/jetson/orbbec_ros2_ws/install/orbbec_camera_msgs' for CMake config files
[33.382s] [34mcolcon.colcon_core.shell[0m [1;30mLevel 1[0m create_environment_hook('orbbec_camera_msgs', 'cmake_prefix_path')
[33.383s] [34mcolcon.colcon_core.shell[0m [1;30mINFO[0m Creating environment hook '/home/jetson/orbbec_ros2_ws/install/orbbec_camera_msgs/share/orbbec_camera_msgs/hook/cmake_prefix_path.ps1'
[33.386s] [34mcolcon.colcon_core.shell[0m [1;30mINFO[0m Creating environment descriptor '/home/jetson/orbbec_ros2_ws/install/orbbec_camera_msgs/share/orbbec_camera_msgs/hook/cmake_prefix_path.dsv'
[33.387s] [34mcolcon.colcon_core.shell[0m [1;30mINFO[0m Creating environment hook '/home/jetson/orbbec_ros2_ws/install/orbbec_camera_msgs/share/orbbec_camera_msgs/hook/cmake_prefix_path.sh'
[33.389s] [34mcolcon.colcon_core.environment[0m [1;30mLevel 1[0m checking '/home/jetson/orbbec_ros2_ws/install/orbbec_camera_msgs/lib'
[33.389s] [34mcolcon.colcon_core.shell[0m [1;30mLevel 1[0m create_environment_hook('orbbec_camera_msgs', 'ld_library_path_lib')
[33.390s] [34mcolcon.colcon_core.shell[0m [1;30mINFO[0m Creating environment hook '/home/jetson/orbbec_ros2_ws/install/orbbec_camera_msgs/share/orbbec_camera_msgs/hook/ld_library_path_lib.ps1'
[33.391s] [34mcolcon.colcon_core.shell[0m [1;30mINFO[0m Creating environment descriptor '/home/jetson/orbbec_ros2_ws/install/orbbec_camera_msgs/share/orbbec_camera_msgs/hook/ld_library_path_lib.dsv'
[33.391s] [34mcolcon.colcon_core.shell[0m [1;30mINFO[0m Creating environment hook '/home/jetson/orbbec_ros2_ws/install/orbbec_camera_msgs/share/orbbec_camera_msgs/hook/ld_library_path_lib.sh'
[33.392s] [34mcolcon.colcon_core.environment[0m [1;30mLevel 1[0m checking '/home/jetson/orbbec_ros2_ws/install/orbbec_camera_msgs/bin'
[33.392s] [34mcolcon.colcon_core.environment[0m [1;30mLevel 1[0m checking '/home/jetson/orbbec_ros2_ws/install/orbbec_camera_msgs/lib/pkgconfig/orbbec_camera_msgs.pc'
[33.393s] [34mcolcon.colcon_core.environment[0m [1;30mLevel 1[0m checking '/home/jetson/orbbec_ros2_ws/install/orbbec_camera_msgs/lib/python3.10/site-packages'
[33.394s] [34mcolcon.colcon_core.environment[0m [1;30mLevel 1[0m checking '/home/jetson/orbbec_ros2_ws/install/orbbec_camera_msgs/bin'
[33.394s] [34mcolcon.colcon_core.shell[0m [1;30mINFO[0m Creating package script '/home/jetson/orbbec_ros2_ws/install/orbbec_camera_msgs/share/orbbec_camera_msgs/package.ps1'
[33.398s] [34mcolcon.colcon_core.shell[0m [1;30mINFO[0m Creating package descriptor '/home/jetson/orbbec_ros2_ws/install/orbbec_camera_msgs/share/orbbec_camera_msgs/package.dsv'
[33.400s] [34mcolcon.colcon_core.shell[0m [1;30mINFO[0m Creating package script '/home/jetson/orbbec_ros2_ws/install/orbbec_camera_msgs/share/orbbec_camera_msgs/package.sh'
[33.402s] [34mcolcon.colcon_core.shell[0m [1;30mINFO[0m Creating package script '/home/jetson/orbbec_ros2_ws/install/orbbec_camera_msgs/share/orbbec_camera_msgs/package.bash'
[33.404s] [34mcolcon.colcon_core.shell[0m [1;30mINFO[0m Creating package script '/home/jetson/orbbec_ros2_ws/install/orbbec_camera_msgs/share/orbbec_camera_msgs/package.zsh'
[33.407s] [34mcolcon.colcon_core.environment[0m [1;30mLevel 1[0m create_file_with_runtime_dependencies(/home/jetson/orbbec_ros2_ws/install/orbbec_camera_msgs/share/colcon-core/packages/orbbec_camera_msgs)
[33.408s] [34mcolcon.colcon_core.environment[0m [1;30mLevel 1[0m create_environment_scripts_only(orbbec_camera_msgs)
[33.408s] [34mcolcon.colcon_core.environment[0m [1;30mLevel 1[0m checking '/home/jetson/orbbec_ros2_ws/install/orbbec_camera_msgs' for CMake module files
[33.409s] [34mcolcon.colcon_core.environment[0m [1;30mLevel 1[0m checking '/home/jetson/orbbec_ros2_ws/install/orbbec_camera_msgs' for CMake config files
[33.411s] [34mcolcon.colcon_core.shell[0m [1;30mLevel 1[0m create_environment_hook('orbbec_camera_msgs', 'cmake_prefix_path')
[33.411s] [34mcolcon.colcon_core.shell[0m [1;30mINFO[0m Creating environment hook '/home/jetson/orbbec_ros2_ws/install/orbbec_camera_msgs/share/orbbec_camera_msgs/hook/cmake_prefix_path.ps1'
[33.413s] [34mcolcon.colcon_core.shell[0m [1;30mINFO[0m Creating environment descriptor '/home/jetson/orbbec_ros2_ws/install/orbbec_camera_msgs/share/orbbec_camera_msgs/hook/cmake_prefix_path.dsv'
[33.413s] [34mcolcon.colcon_core.shell[0m [1;30mINFO[0m Creating environment hook '/home/jetson/orbbec_ros2_ws/install/orbbec_camera_msgs/share/orbbec_camera_msgs/hook/cmake_prefix_path.sh'
[33.415s] [34mcolcon.colcon_core.environment[0m [1;30mLevel 1[0m checking '/home/jetson/orbbec_ros2_ws/install/orbbec_camera_msgs/lib'
[33.415s] [34mcolcon.colcon_core.shell[0m [1;30mLevel 1[0m create_environment_hook('orbbec_camera_msgs', 'ld_library_path_lib')
[33.416s] [34mcolcon.colcon_core.shell[0m [1;30mINFO[0m Creating environment hook '/home/jetson/orbbec_ros2_ws/install/orbbec_camera_msgs/share/orbbec_camera_msgs/hook/ld_library_path_lib.ps1'
[33.417s] [34mcolcon.colcon_core.shell[0m [1;30mINFO[0m Creating environment descriptor '/home/jetson/orbbec_ros2_ws/install/orbbec_camera_msgs/share/orbbec_camera_msgs/hook/ld_library_path_lib.dsv'
[33.418s] [34mcolcon.colcon_core.shell[0m [1;30mINFO[0m Creating environment hook '/home/jetson/orbbec_ros2_ws/install/orbbec_camera_msgs/share/orbbec_camera_msgs/hook/ld_library_path_lib.sh'
[33.419s] [34mcolcon.colcon_core.environment[0m [1;30mLevel 1[0m checking '/home/jetson/orbbec_ros2_ws/install/orbbec_camera_msgs/bin'
[33.420s] [34mcolcon.colcon_core.environment[0m [1;30mLevel 1[0m checking '/home/jetson/orbbec_ros2_ws/install/orbbec_camera_msgs/lib/pkgconfig/orbbec_camera_msgs.pc'
[33.420s] [34mcolcon.colcon_core.environment[0m [1;30mLevel 1[0m checking '/home/jetson/orbbec_ros2_ws/install/orbbec_camera_msgs/lib/python3.10/site-packages'
[33.421s] [34mcolcon.colcon_core.environment[0m [1;30mLevel 1[0m checking '/home/jetson/orbbec_ros2_ws/install/orbbec_camera_msgs/bin'
[33.422s] [34mcolcon.colcon_core.shell[0m [1;30mINFO[0m Creating package script '/home/jetson/orbbec_ros2_ws/install/orbbec_camera_msgs/share/orbbec_camera_msgs/package.ps1'
[33.424s] [34mcolcon.colcon_core.shell[0m [1;30mINFO[0m Creating package descriptor '/home/jetson/orbbec_ros2_ws/install/orbbec_camera_msgs/share/orbbec_camera_msgs/package.dsv'
[33.425s] [34mcolcon.colcon_core.shell[0m [1;30mINFO[0m Creating package script '/home/jetson/orbbec_ros2_ws/install/orbbec_camera_msgs/share/orbbec_camera_msgs/package.sh'
[33.426s] [34mcolcon.colcon_core.shell[0m [1;30mINFO[0m Creating package script '/home/jetson/orbbec_ros2_ws/install/orbbec_camera_msgs/share/orbbec_camera_msgs/package.bash'
[33.427s] [34mcolcon.colcon_core.shell[0m [1;30mINFO[0m Creating package script '/home/jetson/orbbec_ros2_ws/install/orbbec_camera_msgs/share/orbbec_camera_msgs/package.zsh'
[33.428s] [34mcolcon.colcon_core.environment[0m [1;30mLevel 1[0m create_file_with_runtime_dependencies(/home/jetson/orbbec_ros2_ws/install/orbbec_camera_msgs/share/colcon-core/packages/orbbec_camera_msgs)
[33.429s] [34mcolcon.colcon_ros.task.ament_cmake.build[0m [1;30mINFO[0m Building ROS package in '/home/jetson/orbbec_ros2_ws/src/OrbbecSDK_ROS2/orbbec_description' with build type 'ament_cmake'
[33.430s] [34mcolcon.colcon_cmake.task.cmake.build[0m [1;30mINFO[0m Building CMake package in '/home/jetson/orbbec_ros2_ws/src/OrbbecSDK_ROS2/orbbec_description'
[33.430s] [34mcolcon.colcon_core.shell[0m [1;30mINFO[0m Skip shell extension 'powershell' for command environment: Not usable outside of PowerShell
[33.431s] [34mcolcon.colcon_core.shell[0m [1;30mDEBUG[0m [32mSkip shell extension 'dsv' for command environment[0m
[33.449s] [34mcolcon.colcon_core.event_handler.log_command[0m [1;30mDEBUG[0m [32mInvoking command in '/home/jetson/orbbec_ros2_ws/build/orbbec_description': CMAKE_PREFIX_PATH=${CMAKE_PREFIX_PATH}:/home/jetson/yahboom_ws/install/text_chat:/home/jetson/yahboom_ws/install/largemodel:/home/jetson/yahboom_ws/install/camera:/opt/ros/humble /usr/bin/cmake /home/jetson/orbbec_ros2_ws/src/OrbbecSDK_ROS2/orbbec_description -DAMENT_CMAKE_SYMLINK_INSTALL=1 -DCMAKE_INSTALL_PREFIX=/home/jetson/orbbec_ros2_ws/install/orbbec_description[0m
[34.896s] [34mcolcon.colcon_core.event_handler.log_command[0m [1;30mDEBUG[0m [32mInvoked command in '/home/jetson/orbbec_ros2_ws/build/orbbec_description' returned '0': CMAKE_PREFIX_PATH=${CMAKE_PREFIX_PATH}:/home/jetson/yahboom_ws/install/text_chat:/home/jetson/yahboom_ws/install/largemodel:/home/jetson/yahboom_ws/install/camera:/opt/ros/humble /usr/bin/cmake /home/jetson/orbbec_ros2_ws/src/OrbbecSDK_ROS2/orbbec_description -DAMENT_CMAKE_SYMLINK_INSTALL=1 -DCMAKE_INSTALL_PREFIX=/home/jetson/orbbec_ros2_ws/install/orbbec_description[0m
[34.900s] [34mcolcon.colcon_core.event_handler.log_command[0m [1;30mDEBUG[0m [32mInvoking command in '/home/jetson/orbbec_ros2_ws/build/orbbec_description': CMAKE_PREFIX_PATH=${CMAKE_PREFIX_PATH}:/home/jetson/yahboom_ws/install/text_chat:/home/jetson/yahboom_ws/install/largemodel:/home/jetson/yahboom_ws/install/camera:/opt/ros/humble /usr/bin/cmake --build /home/jetson/orbbec_ros2_ws/build/orbbec_description -- -j6 -l6[0m
[34.976s] [34mcolcon.colcon_core.event_handler.log_command[0m [1;30mDEBUG[0m [32mInvoked command in '/home/jetson/orbbec_ros2_ws/build/orbbec_description' returned '0': CMAKE_PREFIX_PATH=${CMAKE_PREFIX_PATH}:/home/jetson/yahboom_ws/install/text_chat:/home/jetson/yahboom_ws/install/largemodel:/home/jetson/yahboom_ws/install/camera:/opt/ros/humble /usr/bin/cmake --build /home/jetson/orbbec_ros2_ws/build/orbbec_description -- -j6 -l6[0m
[34.981s] [34mcolcon.colcon_core.event_handler.log_command[0m [1;30mDEBUG[0m [32mInvoking command in '/home/jetson/orbbec_ros2_ws/build/orbbec_description': CMAKE_PREFIX_PATH=${CMAKE_PREFIX_PATH}:/home/jetson/yahboom_ws/install/text_chat:/home/jetson/yahboom_ws/install/largemodel:/home/jetson/yahboom_ws/install/camera:/opt/ros/humble /usr/bin/cmake --install /home/jetson/orbbec_ros2_ws/build/orbbec_description[0m
[36.536s] [34mcolcon.colcon_core.environment[0m [1;30mLevel 1[0m create_environment_scripts_only(orbbec_description)
[36.537s] [34mcolcon.colcon_core.environment[0m [1;30mLevel 1[0m checking '/home/jetson/orbbec_ros2_ws/install/orbbec_description' for CMake module files
[36.538s] [34mcolcon.colcon_core.event_handler.log_command[0m [1;30mDEBUG[0m [32mInvoked command in '/home/jetson/orbbec_ros2_ws/build/orbbec_description' returned '0': CMAKE_PREFIX_PATH=${CMAKE_PREFIX_PATH}:/home/jetson/yahboom_ws/install/text_chat:/home/jetson/yahboom_ws/install/largemodel:/home/jetson/yahboom_ws/install/camera:/opt/ros/humble /usr/bin/cmake --install /home/jetson/orbbec_ros2_ws/build/orbbec_description[0m
[36.540s] [34mcolcon.colcon_core.environment[0m [1;30mLevel 1[0m checking '/home/jetson/orbbec_ros2_ws/install/orbbec_description' for CMake config files
[36.542s] [34mcolcon.colcon_core.shell[0m [1;30mLevel 1[0m create_environment_hook('orbbec_description', 'cmake_prefix_path')
[36.543s] [34mcolcon.colcon_core.shell[0m [1;30mINFO[0m Creating environment hook '/home/jetson/orbbec_ros2_ws/install/orbbec_description/share/orbbec_description/hook/cmake_prefix_path.ps1'
[36.545s] [34mcolcon.colcon_core.shell[0m [1;30mINFO[0m Creating environment descriptor '/home/jetson/orbbec_ros2_ws/install/orbbec_description/share/orbbec_description/hook/cmake_prefix_path.dsv'
[36.546s] [34mcolcon.colcon_core.shell[0m [1;30mINFO[0m Creating environment hook '/home/jetson/orbbec_ros2_ws/install/orbbec_description/share/orbbec_description/hook/cmake_prefix_path.sh'
[36.548s] [34mcolcon.colcon_core.environment[0m [1;30mLevel 1[0m checking '/home/jetson/orbbec_ros2_ws/install/orbbec_description/bin'
[36.549s] [34mcolcon.colcon_core.environment[0m [1;30mLevel 1[0m checking '/home/jetson/orbbec_ros2_ws/install/orbbec_description/lib/pkgconfig/orbbec_description.pc'
[36.550s] [34mcolcon.colcon_core.environment[0m [1;30mLevel 1[0m checking '/home/jetson/orbbec_ros2_ws/install/orbbec_description/lib/python3.10/site-packages'
[36.550s] [34mcolcon.colcon_core.environment[0m [1;30mLevel 1[0m checking '/home/jetson/orbbec_ros2_ws/install/orbbec_description/bin'
[36.551s] [34mcolcon.colcon_core.shell[0m [1;30mINFO[0m Creating package script '/home/jetson/orbbec_ros2_ws/install/orbbec_description/share/orbbec_description/package.ps1'
[36.553s] [34mcolcon.colcon_core.shell[0m [1;30mINFO[0m Creating package descriptor '/home/jetson/orbbec_ros2_ws/install/orbbec_description/share/orbbec_description/package.dsv'
[36.555s] [34mcolcon.colcon_core.shell[0m [1;30mINFO[0m Creating package script '/home/jetson/orbbec_ros2_ws/install/orbbec_description/share/orbbec_description/package.sh'
[36.556s] [34mcolcon.colcon_core.shell[0m [1;30mINFO[0m Creating package script '/home/jetson/orbbec_ros2_ws/install/orbbec_description/share/orbbec_description/package.bash'
[36.557s] [34mcolcon.colcon_core.shell[0m [1;30mINFO[0m Creating package script '/home/jetson/orbbec_ros2_ws/install/orbbec_description/share/orbbec_description/package.zsh'
[36.558s] [34mcolcon.colcon_core.environment[0m [1;30mLevel 1[0m create_file_with_runtime_dependencies(/home/jetson/orbbec_ros2_ws/install/orbbec_description/share/colcon-core/packages/orbbec_description)
[36.561s] [34mcolcon.colcon_core.environment[0m [1;30mLevel 1[0m create_environment_scripts_only(orbbec_description)
[36.561s] [34mcolcon.colcon_core.environment[0m [1;30mLevel 1[0m checking '/home/jetson/orbbec_ros2_ws/install/orbbec_description' for CMake module files
[36.564s] [34mcolcon.colcon_core.environment[0m [1;30mLevel 1[0m checking '/home/jetson/orbbec_ros2_ws/install/orbbec_description' for CMake config files
[36.566s] [34mcolcon.colcon_core.shell[0m [1;30mLevel 1[0m create_environment_hook('orbbec_description', 'cmake_prefix_path')
[36.567s] [34mcolcon.colcon_core.shell[0m [1;30mINFO[0m Creating environment hook '/home/jetson/orbbec_ros2_ws/install/orbbec_description/share/orbbec_description/hook/cmake_prefix_path.ps1'
[36.568s] [34mcolcon.colcon_core.shell[0m [1;30mINFO[0m Creating environment descriptor '/home/jetson/orbbec_ros2_ws/install/orbbec_description/share/orbbec_description/hook/cmake_prefix_path.dsv'
[36.570s] [34mcolcon.colcon_core.shell[0m [1;30mINFO[0m Creating environment hook '/home/jetson/orbbec_ros2_ws/install/orbbec_description/share/orbbec_description/hook/cmake_prefix_path.sh'
[36.572s] [34mcolcon.colcon_core.environment[0m [1;30mLevel 1[0m checking '/home/jetson/orbbec_ros2_ws/install/orbbec_description/bin'
[36.572s] [34mcolcon.colcon_core.environment[0m [1;30mLevel 1[0m checking '/home/jetson/orbbec_ros2_ws/install/orbbec_description/lib/pkgconfig/orbbec_description.pc'
[36.573s] [34mcolcon.colcon_core.environment[0m [1;30mLevel 1[0m checking '/home/jetson/orbbec_ros2_ws/install/orbbec_description/lib/python3.10/site-packages'
[36.574s] [34mcolcon.colcon_core.environment[0m [1;30mLevel 1[0m checking '/home/jetson/orbbec_ros2_ws/install/orbbec_description/bin'
[36.575s] [34mcolcon.colcon_core.shell[0m [1;30mINFO[0m Creating package script '/home/jetson/orbbec_ros2_ws/install/orbbec_description/share/orbbec_description/package.ps1'
[36.576s] [34mcolcon.colcon_core.shell[0m [1;30mINFO[0m Creating package descriptor '/home/jetson/orbbec_ros2_ws/install/orbbec_description/share/orbbec_description/package.dsv'
[36.578s] [34mcolcon.colcon_core.shell[0m [1;30mINFO[0m Creating package script '/home/jetson/orbbec_ros2_ws/install/orbbec_description/share/orbbec_description/package.sh'
[36.580s] [34mcolcon.colcon_core.shell[0m [1;30mINFO[0m Creating package script '/home/jetson/orbbec_ros2_ws/install/orbbec_description/share/orbbec_description/package.bash'
[36.581s] [34mcolcon.colcon_core.shell[0m [1;30mINFO[0m Creating package script '/home/jetson/orbbec_ros2_ws/install/orbbec_description/share/orbbec_description/package.zsh'
[36.583s] [34mcolcon.colcon_core.environment[0m [1;30mLevel 1[0m create_file_with_runtime_dependencies(/home/jetson/orbbec_ros2_ws/install/orbbec_description/share/colcon-core/packages/orbbec_description)
[36.584s] [34mcolcon.colcon_ros.task.ament_cmake.build[0m [1;30mINFO[0m Building ROS package in '/home/jetson/orbbec_ros2_ws/src/OrbbecSDK_ROS2/orbbec_camera' with build type 'ament_cmake'
[36.584s] [34mcolcon.colcon_cmake.task.cmake.build[0m [1;30mINFO[0m Building CMake package in '/home/jetson/orbbec_ros2_ws/src/OrbbecSDK_ROS2/orbbec_camera'
[36.585s] [34mcolcon.colcon_core.shell[0m [1;30mINFO[0m Skip shell extension 'powershell' for command environment: Not usable outside of PowerShell
[36.585s] [34mcolcon.colcon_core.shell[0m [1;30mDEBUG[0m [32mSkip shell extension 'dsv' for command environment[0m
[36.611s] [34mcolcon.colcon_core.event_handler.log_command[0m [1;30mDEBUG[0m [32mInvoking command in '/home/jetson/orbbec_ros2_ws/build/orbbec_camera': AMENT_PREFIX_PATH=/home/jetson/orbbec_ros2_ws/install/orbbec_camera_msgs:${AMENT_PREFIX_PATH} CMAKE_PREFIX_PATH=/home/jetson/orbbec_ros2_ws/install/orbbec_camera_msgs:/home/jetson/yahboom_ws/install/interfaces:/home/jetson/yahboom_ws/install/text_chat:/home/jetson/yahboom_ws/install/largemodel:/home/jetson/yahboom_ws/install/camera:/opt/ros/humble LD_LIBRARY_PATH=/home/jetson/orbbec_ros2_ws/install/orbbec_camera_msgs/lib:/home/jetson/yahboom_ws/install/interfaces/lib:/opt/ros/humble/opt/rviz_ogre_vendor/lib:/opt/ros/humble/lib/aarch64-linux-gnu:/opt/ros/humble/lib:/usr/local/lib:/usr/local/cuda-12.6/lib64 PYTHONPATH=/home/jetson/orbbec_ros2_ws/install/orbbec_camera_msgs/local/lib/python3.10/dist-packages:${PYTHONPATH} /usr/bin/cmake /home/jetson/orbbec_ros2_ws/src/OrbbecSDK_ROS2/orbbec_camera -DAMENT_CMAKE_SYMLINK_INSTALL=1 -DCMAKE_INSTALL_PREFIX=/home/jetson/orbbec_ros2_ws/install/orbbec_camera[0m
[40.511s] [34mcolcon.colcon_core.event_handler.log_command[0m [1;30mDEBUG[0m [32mInvoked command in '/home/jetson/orbbec_ros2_ws/build/orbbec_camera' returned '0': AMENT_PREFIX_PATH=/home/jetson/orbbec_ros2_ws/install/orbbec_camera_msgs:${AMENT_PREFIX_PATH} CMAKE_PREFIX_PATH=/home/jetson/orbbec_ros2_ws/install/orbbec_camera_msgs:/home/jetson/yahboom_ws/install/interfaces:/home/jetson/yahboom_ws/install/text_chat:/home/jetson/yahboom_ws/install/largemodel:/home/jetson/yahboom_ws/install/camera:/opt/ros/humble LD_LIBRARY_PATH=/home/jetson/orbbec_ros2_ws/install/orbbec_camera_msgs/lib:/home/jetson/yahboom_ws/install/interfaces/lib:/opt/ros/humble/opt/rviz_ogre_vendor/lib:/opt/ros/humble/lib/aarch64-linux-gnu:/opt/ros/humble/lib:/usr/local/lib:/usr/local/cuda-12.6/lib64 PYTHONPATH=/home/jetson/orbbec_ros2_ws/install/orbbec_camera_msgs/local/lib/python3.10/dist-packages:${PYTHONPATH} /usr/bin/cmake /home/jetson/orbbec_ros2_ws/src/OrbbecSDK_ROS2/orbbec_camera -DAMENT_CMAKE_SYMLINK_INSTALL=1 -DCMAKE_INSTALL_PREFIX=/home/jetson/orbbec_ros2_ws/install/orbbec_camera[0m
[40.515s] [34mcolcon.colcon_core.event_handler.log_command[0m [1;30mDEBUG[0m [32mInvoking command in '/home/jetson/orbbec_ros2_ws/build/orbbec_camera': AMENT_PREFIX_PATH=/home/jetson/orbbec_ros2_ws/install/orbbec_camera_msgs:${AMENT_PREFIX_PATH} CMAKE_PREFIX_PATH=/home/jetson/orbbec_ros2_ws/install/orbbec_camera_msgs:/home/jetson/yahboom_ws/install/interfaces:/home/jetson/yahboom_ws/install/text_chat:/home/jetson/yahboom_ws/install/largemodel:/home/jetson/yahboom_ws/install/camera:/opt/ros/humble LD_LIBRARY_PATH=/home/jetson/orbbec_ros2_ws/install/orbbec_camera_msgs/lib:/home/jetson/yahboom_ws/install/interfaces/lib:/opt/ros/humble/opt/rviz_ogre_vendor/lib:/opt/ros/humble/lib/aarch64-linux-gnu:/opt/ros/humble/lib:/usr/local/lib:/usr/local/cuda-12.6/lib64 PYTHONPATH=/home/jetson/orbbec_ros2_ws/install/orbbec_camera_msgs/local/lib/python3.10/dist-packages:${PYTHONPATH} /usr/bin/cmake --build /home/jetson/orbbec_ros2_ws/build/orbbec_camera -- -j6 -l6[0m
[217.875s] [34mcolcon.colcon_core.event_handler.log_command[0m [1;30mDEBUG[0m [32mInvoked command in '/home/jetson/orbbec_ros2_ws/build/orbbec_camera' returned '0': AMENT_PREFIX_PATH=/home/jetson/orbbec_ros2_ws/install/orbbec_camera_msgs:${AMENT_PREFIX_PATH} CMAKE_PREFIX_PATH=/home/jetson/orbbec_ros2_ws/install/orbbec_camera_msgs:/home/jetson/yahboom_ws/install/interfaces:/home/jetson/yahboom_ws/install/text_chat:/home/jetson/yahboom_ws/install/largemodel:/home/jetson/yahboom_ws/install/camera:/opt/ros/humble LD_LIBRARY_PATH=/home/jetson/orbbec_ros2_ws/install/orbbec_camera_msgs/lib:/home/jetson/yahboom_ws/install/interfaces/lib:/opt/ros/humble/opt/rviz_ogre_vendor/lib:/opt/ros/humble/lib/aarch64-linux-gnu:/opt/ros/humble/lib:/usr/local/lib:/usr/local/cuda-12.6/lib64 PYTHONPATH=/home/jetson/orbbec_ros2_ws/install/orbbec_camera_msgs/local/lib/python3.10/dist-packages:${PYTHONPATH} /usr/bin/cmake --build /home/jetson/orbbec_ros2_ws/build/orbbec_camera -- -j6 -l6[0m
[217.918s] [34mcolcon.colcon_core.event_handler.log_command[0m [1;30mDEBUG[0m [32mInvoking command in '/home/jetson/orbbec_ros2_ws/build/orbbec_camera': AMENT_PREFIX_PATH=/home/jetson/orbbec_ros2_ws/install/orbbec_camera_msgs:${AMENT_PREFIX_PATH} CMAKE_PREFIX_PATH=/home/jetson/orbbec_ros2_ws/install/orbbec_camera_msgs:/home/jetson/yahboom_ws/install/interfaces:/home/jetson/yahboom_ws/install/text_chat:/home/jetson/yahboom_ws/install/largemodel:/home/jetson/yahboom_ws/install/camera:/opt/ros/humble LD_LIBRARY_PATH=/home/jetson/orbbec_ros2_ws/install/orbbec_camera_msgs/lib:/home/jetson/yahboom_ws/install/interfaces/lib:/opt/ros/humble/opt/rviz_ogre_vendor/lib:/opt/ros/humble/lib/aarch64-linux-gnu:/opt/ros/humble/lib:/usr/local/lib:/usr/local/cuda-12.6/lib64 PYTHONPATH=/home/jetson/orbbec_ros2_ws/install/orbbec_camera_msgs/local/lib/python3.10/dist-packages:${PYTHONPATH} /usr/bin/cmake --install /home/jetson/orbbec_ros2_ws/build/orbbec_camera[0m
[220.056s] [34mcolcon.colcon_core.environment[0m [1;30mLevel 1[0m create_environment_scripts_only(orbbec_camera)
[220.071s] [34mcolcon.colcon_core.environment[0m [1;30mLevel 1[0m checking '/home/jetson/orbbec_ros2_ws/install/orbbec_camera' for CMake module files
[220.072s] [34mcolcon.colcon_core.event_handler.log_command[0m [1;30mDEBUG[0m [32mInvoked command in '/home/jetson/orbbec_ros2_ws/build/orbbec_camera' returned '0': AMENT_PREFIX_PATH=/home/jetson/orbbec_ros2_ws/install/orbbec_camera_msgs:${AMENT_PREFIX_PATH} CMAKE_PREFIX_PATH=/home/jetson/orbbec_ros2_ws/install/orbbec_camera_msgs:/home/jetson/yahboom_ws/install/interfaces:/home/jetson/yahboom_ws/install/text_chat:/home/jetson/yahboom_ws/install/largemodel:/home/jetson/yahboom_ws/install/camera:/opt/ros/humble LD_LIBRARY_PATH=/home/jetson/orbbec_ros2_ws/install/orbbec_camera_msgs/lib:/home/jetson/yahboom_ws/install/interfaces/lib:/opt/ros/humble/opt/rviz_ogre_vendor/lib:/opt/ros/humble/lib/aarch64-linux-gnu:/opt/ros/humble/lib:/usr/local/lib:/usr/local/cuda-12.6/lib64 PYTHONPATH=/home/jetson/orbbec_ros2_ws/install/orbbec_camera_msgs/local/lib/python3.10/dist-packages:${PYTHONPATH} /usr/bin/cmake --install /home/jetson/orbbec_ros2_ws/build/orbbec_camera[0m
[220.075s] [34mcolcon.colcon_core.environment[0m [1;30mLevel 1[0m checking '/home/jetson/orbbec_ros2_ws/install/orbbec_camera' for CMake config files
[220.078s] [34mcolcon.colcon_core.shell[0m [1;30mLevel 1[0m create_environment_hook('orbbec_camera', 'cmake_prefix_path')
[220.081s] [34mcolcon.colcon_core.shell[0m [1;30mINFO[0m Creating environment hook '/home/jetson/orbbec_ros2_ws/install/orbbec_camera/share/orbbec_camera/hook/cmake_prefix_path.ps1'
[220.094s] [34mcolcon.colcon_core.shell[0m [1;30mINFO[0m Creating environment descriptor '/home/jetson/orbbec_ros2_ws/install/orbbec_camera/share/orbbec_camera/hook/cmake_prefix_path.dsv'
[220.097s] [34mcolcon.colcon_core.shell[0m [1;30mINFO[0m Creating environment hook '/home/jetson/orbbec_ros2_ws/install/orbbec_camera/share/orbbec_camera/hook/cmake_prefix_path.sh'
[220.103s] [34mcolcon.colcon_core.environment[0m [1;30mLevel 1[0m checking '/home/jetson/orbbec_ros2_ws/install/orbbec_camera/lib'
[220.104s] [34mcolcon.colcon_core.shell[0m [1;30mLevel 1[0m create_environment_hook('orbbec_camera', 'ld_library_path_lib')
[220.104s] [34mcolcon.colcon_core.shell[0m [1;30mINFO[0m Creating environment hook '/home/jetson/orbbec_ros2_ws/install/orbbec_camera/share/orbbec_camera/hook/ld_library_path_lib.ps1'
[220.106s] [34mcolcon.colcon_core.shell[0m [1;30mINFO[0m Creating environment descriptor '/home/jetson/orbbec_ros2_ws/install/orbbec_camera/share/orbbec_camera/hook/ld_library_path_lib.dsv'
[220.107s] [34mcolcon.colcon_core.shell[0m [1;30mINFO[0m Creating environment hook '/home/jetson/orbbec_ros2_ws/install/orbbec_camera/share/orbbec_camera/hook/ld_library_path_lib.sh'
[220.108s] [34mcolcon.colcon_core.environment[0m [1;30mLevel 1[0m checking '/home/jetson/orbbec_ros2_ws/install/orbbec_camera/bin'
[220.108s] [34mcolcon.colcon_core.environment[0m [1;30mLevel 1[0m checking '/home/jetson/orbbec_ros2_ws/install/orbbec_camera/lib/pkgconfig/orbbec_camera.pc'
[220.114s] [34mcolcon.colcon_core.environment[0m [1;30mLevel 1[0m checking '/home/jetson/orbbec_ros2_ws/install/orbbec_camera/lib/python3.10/site-packages'
[220.115s] [34mcolcon.colcon_core.environment[0m [1;30mLevel 1[0m checking '/home/jetson/orbbec_ros2_ws/install/orbbec_camera/bin'
[220.117s] [34mcolcon.colcon_core.shell[0m [1;30mINFO[0m Creating package script '/home/jetson/orbbec_ros2_ws/install/orbbec_camera/share/orbbec_camera/package.ps1'
[220.119s] [34mcolcon.colcon_core.shell[0m [1;30mINFO[0m Creating package descriptor '/home/jetson/orbbec_ros2_ws/install/orbbec_camera/share/orbbec_camera/package.dsv'
[220.122s] [34mcolcon.colcon_core.shell[0m [1;30mINFO[0m Creating package script '/home/jetson/orbbec_ros2_ws/install/orbbec_camera/share/orbbec_camera/package.sh'
[220.124s] [34mcolcon.colcon_core.shell[0m [1;30mINFO[0m Creating package script '/home/jetson/orbbec_ros2_ws/install/orbbec_camera/share/orbbec_camera/package.bash'
[220.126s] [34mcolcon.colcon_core.shell[0m [1;30mINFO[0m Creating package script '/home/jetson/orbbec_ros2_ws/install/orbbec_camera/share/orbbec_camera/package.zsh'
[220.130s] [34mcolcon.colcon_core.environment[0m [1;30mLevel 1[0m create_file_with_runtime_dependencies(/home/jetson/orbbec_ros2_ws/install/orbbec_camera/share/colcon-core/packages/orbbec_camera)
[220.133s] [34mcolcon.colcon_core.environment[0m [1;30mLevel 1[0m create_environment_scripts_only(orbbec_camera)
[220.134s] [34mcolcon.colcon_core.environment[0m [1;30mLevel 1[0m checking '/home/jetson/orbbec_ros2_ws/install/orbbec_camera' for CMake module files
[220.136s] [34mcolcon.colcon_core.environment[0m [1;30mLevel 1[0m checking '/home/jetson/orbbec_ros2_ws/install/orbbec_camera' for CMake config files
[220.137s] [34mcolcon.colcon_core.shell[0m [1;30mLevel 1[0m create_environment_hook('orbbec_camera', 'cmake_prefix_path')
[220.138s] [34mcolcon.colcon_core.shell[0m [1;30mINFO[0m Creating environment hook '/home/jetson/orbbec_ros2_ws/install/orbbec_camera/share/orbbec_camera/hook/cmake_prefix_path.ps1'
[220.139s] [34mcolcon.colcon_core.shell[0m [1;30mINFO[0m Creating environment descriptor '/home/jetson/orbbec_ros2_ws/install/orbbec_camera/share/orbbec_camera/hook/cmake_prefix_path.dsv'
[220.140s] [34mcolcon.colcon_core.shell[0m [1;30mINFO[0m Creating environment hook '/home/jetson/orbbec_ros2_ws/install/orbbec_camera/share/orbbec_camera/hook/cmake_prefix_path.sh'
[220.141s] [34mcolcon.colcon_core.environment[0m [1;30mLevel 1[0m checking '/home/jetson/orbbec_ros2_ws/install/orbbec_camera/lib'
[220.141s] [34mcolcon.colcon_core.shell[0m [1;30mLevel 1[0m create_environment_hook('orbbec_camera', 'ld_library_path_lib')
[220.142s] [34mcolcon.colcon_core.shell[0m [1;30mINFO[0m Creating environment hook '/home/jetson/orbbec_ros2_ws/install/orbbec_camera/share/orbbec_camera/hook/ld_library_path_lib.ps1'
[220.155s] [34mcolcon.colcon_core.shell[0m [1;30mINFO[0m Creating environment descriptor '/home/jetson/orbbec_ros2_ws/install/orbbec_camera/share/orbbec_camera/hook/ld_library_path_lib.dsv'
[220.156s] [34mcolcon.colcon_core.shell[0m [1;30mINFO[0m Creating environment hook '/home/jetson/orbbec_ros2_ws/install/orbbec_camera/share/orbbec_camera/hook/ld_library_path_lib.sh'
[220.156s] [34mcolcon.colcon_core.environment[0m [1;30mLevel 1[0m checking '/home/jetson/orbbec_ros2_ws/install/orbbec_camera/bin'
[220.157s] [34mcolcon.colcon_core.environment[0m [1;30mLevel 1[0m checking '/home/jetson/orbbec_ros2_ws/install/orbbec_camera/lib/pkgconfig/orbbec_camera.pc'
[220.157s] [34mcolcon.colcon_core.environment[0m [1;30mLevel 1[0m checking '/home/jetson/orbbec_ros2_ws/install/orbbec_camera/lib/python3.10/site-packages'
[220.157s] [34mcolcon.colcon_core.environment[0m [1;30mLevel 1[0m checking '/home/jetson/orbbec_ros2_ws/install/orbbec_camera/bin'
[220.158s] [34mcolcon.colcon_core.shell[0m [1;30mINFO[0m Creating package script '/home/jetson/orbbec_ros2_ws/install/orbbec_camera/share/orbbec_camera/package.ps1'
[220.160s] [34mcolcon.colcon_core.shell[0m [1;30mINFO[0m Creating package descriptor '/home/jetson/orbbec_ros2_ws/install/orbbec_camera/share/orbbec_camera/package.dsv'
[220.161s] [34mcolcon.colcon_core.shell[0m [1;30mINFO[0m Creating package script '/home/jetson/orbbec_ros2_ws/install/orbbec_camera/share/orbbec_camera/package.sh'
[220.162s] [34mcolcon.colcon_core.shell[0m [1;30mINFO[0m Creating package script '/home/jetson/orbbec_ros2_ws/install/orbbec_camera/share/orbbec_camera/package.bash'
[220.163s] [34mcolcon.colcon_core.shell[0m [1;30mINFO[0m Creating package script '/home/jetson/orbbec_ros2_ws/install/orbbec_camera/share/orbbec_camera/package.zsh'
[220.164s] [34mcolcon.colcon_core.environment[0m [1;30mLevel 1[0m create_file_with_runtime_dependencies(/home/jetson/orbbec_ros2_ws/install/orbbec_camera/share/colcon-core/packages/orbbec_camera)
[220.166s] [34mcolcon.colcon_parallel_executor.executor.parallel[0m [1;30mDEBUG[0m [32mclosing loop[0m
[220.169s] [34mcolcon.colcon_parallel_executor.executor.parallel[0m [1;30mDEBUG[0m [32mloop closed[0m
[220.169s] [34mcolcon.colcon_parallel_executor.executor.parallel[0m [1;30mDEBUG[0m [32mrun_until_complete finished with '0'[0m
[220.170s] [34mcolcon.colcon_core.event_reactor[0m [1;30mDEBUG[0m [32mjoining thread[0m
[220.250s] [34mcolcon.colcon_core.plugin_system[0m [1;30mINFO[0m Skipping extension 'colcon_notification.desktop_notification.terminal_notifier': Not used on non-Darwin systems
[220.250s] [34mcolcon.colcon_core.plugin_system[0m [1;30mINFO[0m Skipping extension 'colcon_notification.desktop_notification.win32': Not used on non-Windows systems
[220.250s] [34mcolcon.colcon_notification.desktop_notification[0m [1;30mINFO[0m Sending desktop notification using 'notify2'
[220.491s] [34mcolcon.colcon_core.event_reactor[0m [1;30mDEBUG[0m [32mjoined thread[0m
[220.494s] [34mcolcon.colcon_core.shell[0m [1;30mINFO[0m Creating prefix script '/home/jetson/orbbec_ros2_ws/install/local_setup.ps1'
[220.497s] [34mcolcon.colcon_core.shell[0m [1;30mINFO[0m Creating prefix util module '/home/jetson/orbbec_ros2_ws/install/_local_setup_util_ps1.py'
[220.500s] [34mcolcon.colcon_core.shell[0m [1;30mINFO[0m Creating prefix chain script '/home/jetson/orbbec_ros2_ws/install/setup.ps1'
[220.505s] [34mcolcon.colcon_core.shell[0m [1;30mINFO[0m Creating prefix script '/home/jetson/orbbec_ros2_ws/install/local_setup.sh'
[220.508s] [34mcolcon.colcon_core.shell[0m [1;30mINFO[0m Creating prefix util module '/home/jetson/orbbec_ros2_ws/install/_local_setup_util_sh.py'
[220.509s] [34mcolcon.colcon_core.shell[0m [1;30mINFO[0m Creating prefix chain script '/home/jetson/orbbec_ros2_ws/install/setup.sh'
[220.512s] [34mcolcon.colcon_core.shell[0m [1;30mINFO[0m Creating prefix script '/home/jetson/orbbec_ros2_ws/install/local_setup.bash'
[220.513s] [34mcolcon.colcon_core.shell[0m [1;30mINFO[0m Creating prefix chain script '/home/jetson/orbbec_ros2_ws/install/setup.bash'
[220.516s] [34mcolcon.colcon_core.shell[0m [1;30mINFO[0m Creating prefix script '/home/jetson/orbbec_ros2_ws/install/local_setup.zsh'
[220.517s] [34mcolcon.colcon_core.shell[0m [1;30mINFO[0m Creating prefix chain script '/home/jetson/orbbec_ros2_ws/install/setup.zsh'
